QEMU 8.2.2 monitor - type 'help' for more information
(qemu) s[K[Dse[K[D[Dsen[K[D[D[Dsend[K[D[D[D[Dsendk[K[D[D[D[D[Dsendke[K[D[D[D[D[D[Dsendkey[K[D[D[D[D[D[D[Dsendkey [K[D[D[D[D[D[D[D[Dsendkey f[K
(qemu) s[K[Dse[K[D[Dsen[K[D[D[Dsend[K[D[D[D[Dsendk[K[D[D[D[D[Dsendke[K[D[D[D[D[D[Dsendkey[K[D[D[D[D[D[D[Dsendkey [K[D[D[D[D[D[D[D[Dsendkey o[K
(qemu) s[K[Dse[K[D[Dsen[K[D[D[Dsend[K[D[D[D[Dsendk[K[D[D[D[D[Dsendke[K[D[D[D[D[D[Dsendkey[K[D[D[D[D[D[D[Dsendkey [K[D[D[D[D[D[D[D[Dsendkey n[K
(qemu) s[K[Dse[K[D[Dsen[K[D[D[Dsend[K[D[D[D[Dsendk[K[D[D[D[D[Dsendke[K[D[D[D[D[D[Dsendkey[K[D[D[D[D[D[D[Dsendkey [K[D[D[D[D[D[D[D[Dsendkey t[K
(qemu) s[K[Dse[K[D[Dsen[K[D[D[Dsend[K[D[D[D[Dsendk[K[D[D[D[D[Dsendke[K[D[D[D[D[D[Dsendkey[K[D[D[D[D[D[D[Dsendkey [K[D[D[D[D[D[D[D[Dsendkey s[K
(qemu) s[K[Dse[K[D[Dsen[K[D[D[Dsend[K[D[D[D[Dsendk[K[D[D[D[D[Dsendke[K[D[D[D[D[D[Dsendkey[K[D[D[D[D[D[D[Dsendkey [K[D[D[D[D[D[D[D[Dsendkey e[K
(qemu) s[K[Dse[K[D[Dsen[K[D[D[Dsend[K[D[D[D[Dsendk[K[D[D[D[D[Dsendke[K[D[D[D[D[D[Dsendkey[K[D[D[D[D[D[D[Dsendkey [K[D[D[D[D[D[D[D[Dsendkey t[K
(qemu) s[K[Dse[K[D[Dsen[K[D[D[Dsend[K[D[D[D[Dsendk[K[D[D[D[D[Dsendke[K[D[D[D[D[D[Dsendkey[K[D[D[D[D[D[D[Dsendkey [K[D[D[D[D[D[D[D[Dsendkey t[K
(qemu) s[K[Dse[K[D[Dsen[K[D[D[Dsend[K[D[D[D[Dsendk[K[D[D[D[D[Dsendke[K[D[D[D[D[D[Dsendkey[K[D[D[D[D[D[D[Dsendkey [K[D[D[D[D[D[D[D[Dsendkey e[K
(qemu) s[K[Dse[K[D[Dsen[K[D[D[Dsend[K[D[D[D[Dsendk[K[D[D[D[D[Dsendke[K[D[D[D[D[D[Dsendkey[K[D[D[D[D[D[D[Dsendkey [K[D[D[D[D[D[D[D[Dsendkey s[K
(qemu) s[K[Dse[K[D[Dsen[K[D[D[Dsend[K[D[D[D[Dsendk[K[D[D[D[D[Dsendke[K[D[D[D[D[D[Dsendkey[K[D[D[D[D[D[D[Dsendkey [K[D[D[D[D[D[D[D[Dsendkey t[K
(qemu) s[K[Dse[K[D[Dsen[K[D[D[Dsend[K[D[D[D[Dsendk[K[D[D[D[D[Dsendke[K[D[D[D[D[D[Dsendkey[K[D[D[D[D[D[D[Dsendkey [K[D[D[D[D[D[D[D[Dsendkey s[K[D[D[D[D[D[D[D[D[Dsendkey sp[K[D[D[D[D[D[D[D[D[D[Dsendkey spc[K
(qemu) s[K[Dse[K[D[Dsen[K[D[D[Dsend[K[D[D[D[Dsendk[K[D[D[D[D[Dsendke[K[D[D[D[D[D[Dsendkey[K[D[D[D[D[D[D[Dsendkey [K[D[D[D[D[D[D[D[Dsendkey s[K[D[D[D[D[D[D[D[D[Dsendkey sh[K[D[D[D[D[D[D[D[D[D[Dsendkey shi[K[D[D[D[D[D[D[D[D[D[D[Dsendkey shif[K[D[D[D[D[D[D[D[D[D[D[D[Dsendkey shift[K[D[D[D[D[D[D[D[D[D[D[D[D[Dsendkey shift-[K[D[D[D[D[D[D[D[D[D[D[D[D[D[Dsendkey shift-d[K[D[D[D[D[D[D[D[D[D[D[D[D[D[D[Dsendkey shift-do[K[D[D[D[D[D[D[D[D[D[D[D[D[D[D[D[Dsendkey shift-dot[K
(qemu) s[K[Dse[K[D[Dsen[K[D[D[Dsend[K[D[D[D[Dsendk[K[D[D[D[D[Dsendke[K[D[D[D[D[D[Dsendkey[K[D[D[D[D[D[D[Dsendkey [K[D[D[D[D[D[D[D[Dsendkey s[K[D[D[D[D[D[D[D[D[Dsendkey sp[K[D[D[D[D[D[D[D[D[D[Dsendkey spc[K
(qemu) s[K[Dse[K[D[Dsen[K[D[D[Dsend[K[D[D[D[Dsendk[K[D[D[D[D[Dsendke[K[D[D[D[D[D[Dsendkey[K[D[D[D[D[D[D[Dsendkey [K[D[D[D[D[D[D[D[Dsendkey s[K[D[D[D[D[D[D[D[D[Dsendkey sl[K[D[D[D[D[D[D[D[D[D[Dsendkey sla[K[D[D[D[D[D[D[D[D[D[D[Dsendkey slas[K[D[D[D[D[D[D[D[D[D[D[D[Dsendkey slash[K
(qemu) s[K[Dse[K[D[Dsen[K[D[D[Dsend[K[D[D[D[Dsendk[K[D[D[D[D[Dsendke[K[D[D[D[D[D[Dsendkey[K[D[D[D[D[D[D[Dsendkey [K[D[D[D[D[D[D[D[Dsendkey h[K
(qemu) s[K[Dse[K[D[Dsen[K[D[D[Dsend[K[D[D[D[Dsendk[K[D[D[D[D[Dsendke[K[D[D[D[D[D[Dsendkey[K[D[D[D[D[D[D[Dsendkey [K[D[D[D[D[D[D[D[Dsendkey o[K
(qemu) s[K[Dse[K[D[Dsen[K[D[D[Dsend[K[D[D[D[Dsendk[K[D[D[D[D[Dsendke[K[D[D[D[D[D[Dsendkey[K[D[D[D[D[D[D[Dsendkey [K[D[D[D[D[D[D[D[Dsendkey m[K
(qemu) s[K[Dse[K[D[Dsen[K[D[D[Dsend[K[D[D[D[Dsendk[K[D[D[D[D[Dsendke[K[D[D[D[D[D[Dsendkey[K[D[D[D[D[D[D[Dsendkey [K[D[D[D[D[D[D[D[Dsendkey e[K
(qemu) s[K[Dse[K[D[Dsen[K[D[D[Dsend[K[D[D[D[Dsendk[K[D[D[D[D[Dsendke[K[D[D[D[D[D[Dsendkey[K[D[D[D[D[D[D[Dsendkey [K[D[D[D[D[D[D[D[Dsendkey s[K[D[D[D[D[D[D[D[D[Dsendkey sl[K[D[D[D[D[D[D[D[D[D[Dsendkey sla[K[D[D[D[D[D[D[D[D[D[D[Dsendkey slas[K[D[D[D[D[D[D[D[D[D[D[D[Dsendkey slash[K
(qemu) s[K[Dse[K[D[Dsen[K[D[D[Dsend[K[D[D[D[Dsendk[K[D[D[D[D[Dsendke[K[D[D[D[D[D[Dsendkey[K[D[D[D[D[D[D[Dsendkey [K[D[D[D[D[D[D[D[Dsendkey f[K
(qemu) s[K[Dse[K[D[Dsen[K[D[D[Dsend[K[D[D[D[Dsendk[K[D[D[D[D[Dsendke[K[D[D[D[D[D[Dsendkey[K[D[D[D[D[D[D[Dsendkey [K[D[D[D[D[D[D[D[Dsendkey 2[K
(qemu) s[K[Dse[K[D[Dsen[K[D[D[Dsend[K[D[D[D[Dsendk[K[D[D[D[D[Dsendke[K[D[D[D[D[D[Dsendkey[K[D[D[D[D[D[D[Dsendkey [K[D[D[D[D[D[D[D[Dsendkey 5[K
(qemu) s[K[Dse[K[D[Dsen[K[D[D[Dsend[K[D[D[D[Dsendk[K[D[D[D[D[Dsendke[K[D[D[D[D[D[Dsendkey[K[D[D[D[D[D[D[Dsendkey [K[D[D[D[D[D[D[D[Dsendkey m[K[D[D[D[D[D[D[D[D[Dsendkey mi[K[D[D[D[D[D[D[D[D[D[Dsendkey min[K[D[D[D[D[D[D[D[D[D[D[Dsendkey minu[K[D[D[D[D[D[D[D[D[D[D[D[Dsendkey minus[K
(qemu) s[K[Dse[K[D[Dsen[K[D[D[Dsend[K[D[D[D[Dsendk[K[D[D[D[D[Dsendke[K[D[D[D[D[D[Dsendkey[K[D[D[D[D[D[D[Dsendkey [K[D[D[D[D[D[D[D[Dsendkey f[K
(qemu) s[K[Dse[K[D[Dsen[K[D[D[Dsend[K[D[D[D[Dsendk[K[D[D[D[D[Dsendke[K[D[D[D[D[D[Dsendkey[K[D[D[D[D[D[D[Dsendkey [K[D[D[D[D[D[D[D[Dsendkey o[K
(qemu) s[K[Dse[K[D[Dsen[K[D[D[Dsend[K[D[D[D[Dsendk[K[D[D[D[D[Dsendke[K[D[D[D[D[D[Dsendkey[K[D[D[D[D[D[D[Dsendkey [K[D[D[D[D[D[D[D[Dsendkey n[K
(qemu) s[K[Dse[K[D[Dsen[K[D[D[Dsend[K[D[D[D[Dsendk[K[D[D[D[D[Dsendke[K[D[D[D[D[D[Dsendkey[K[D[D[D[D[D[D[Dsendkey [K[D[D[D[D[D[D[D[Dsendkey t[K
(qemu) s[K[Dse[K[D[Dsen[K[D[D[Dsend[K[D[D[D[Dsendk[K[D[D[D[D[Dsendke[K[D[D[D[D[D[Dsendkey[K[D[D[D[D[D[D[Dsendkey [K[D[D[D[D[D[D[D[Dsendkey s[K
(qemu) s[K[Dse[K[D[Dsen[K[D[D[Dsend[K[D[D[D[Dsendk[K[D[D[D[D[Dsendke[K[D[D[D[D[D[Dsendkey[K[D[D[D[D[D[D[Dsendkey [K[D[D[D[D[D[D[D[Dsendkey e[K
(qemu) s[K[Dse[K[D[Dsen[K[D[D[Dsend[K[D[D[D[Dsendk[K[D[D[D[D[Dsendke[K[D[D[D[D[D[Dsendkey[K[D[D[D[D[D[D[Dsendkey [K[D[D[D[D[D[D[D[Dsendkey t[K
(qemu) s[K[Dse[K[D[Dsen[K[D[D[Dsend[K[D[D[D[Dsendk[K[D[D[D[D[Dsendke[K[D[D[D[D[D[Dsendkey[K[D[D[D[D[D[D[Dsendkey [K[D[D[D[D[D[D[D[Dsendkey d[K[D[D[D[D[D[D[D[D[Dsendkey do[K[D[D[D[D[D[D[D[D[D[Dsendkey dot[K
(qemu) s[K[Dse[K[D[Dsen[K[D[D[Dsend[K[D[D[D[Dsendk[K[D[D[D[D[Dsendke[K[D[D[D[D[D[Dsendkey[K[D[D[D[D[D[D[Dsendkey [K[D[D[D[D[D[D[D[Dsendkey l[K
(qemu) s[K[Dse[K[D[Dsen[K[D[D[Dsend[K[D[D[D[Dsendk[K[D[D[D[D[Dsendke[K[D[D[D[D[D[Dsendkey[K[D[D[D[D[D[D[Dsendkey [K[D[D[D[D[D[D[D[Dsendkey o[K
(qemu) s[K[Dse[K[D[Dsen[K[D[D[Dsend[K[D[D[D[Dsendk[K[D[D[D[D[Dsendke[K[D[D[D[D[D[Dsendkey[K[D[D[D[D[D[D[Dsendkey [K[D[D[D[D[D[D[D[Dsendkey g[K
(qemu) s[K[Dse[K[D[Dsen[K[D[D[Dsend[K[D[D[D[Dsendk[K[D[D[D[D[Dsendke[K[D[D[D[D[D[Dsendkey[K[D[D[D[D[D[D[Dsendkey [K[D[D[D[D[D[D[D[Dsendkey r[K[D[D[D[D[D[D[D[D[Dsendkey re[K[D[D[D[D[D[D[D[D[D[Dsendkey ret[K
(qemu) s[K[Dse[K[D[Dsen[K[D[D[Dsend[K[D[D[D[Dsendk[K[D[D[D[D[Dsendke[K[D[D[D[D[D[Dsendkey[K[D[D[D[D[D[D[Dsendkey [K[D[D[D[D[D[D[D[Dsendkey c[K
(qemu) s[K[Dse[K[D[Dsen[K[D[D[Dsend[K[D[D[D[Dsendk[K[D[D[D[D[Dsendke[K[D[D[D[D[D[Dsendkey[K[D[D[D[D[D[D[Dsendkey [K[D[D[D[D[D[D[D[Dsendkey a[K
(qemu) s[K[Dse[K[D[Dsen[K[D[D[Dsend[K[D[D[D[Dsendk[K[D[D[D[D[Dsendke[K[D[D[D[D[D[Dsendkey[K[D[D[D[D[D[D[Dsendkey [K[D[D[D[D[D[D[D[Dsendkey t[K
(qemu) s[K[Dse[K[D[Dsen[K[D[D[Dsend[K[D[D[D[Dsendk[K[D[D[D[D[Dsendke[K[D[D[D[D[D[Dsendkey[K[D[D[D[D[D[D[Dsendkey [K[D[D[D[D[D[D[D[Dsendkey s[K[D[D[D[D[D[D[D[D[Dsendkey sp[K[D[D[D[D[D[D[D[D[D[Dsendkey spc[K
(qemu) s[K[Dse[K[D[Dsen[K[D[D[Dsend[K[D[D[D[Dsendk[K[D[D[D[D[Dsendke[K[D[D[D[D[D[Dsendkey[K[D[D[D[D[D[D[Dsendkey [K[D[D[D[D[D[D[D[Dsendkey s[K[D[D[D[D[D[D[D[D[Dsendkey sl[K[D[D[D[D[D[D[D[D[D[Dsendkey sla[K[D[D[D[D[D[D[D[D[D[D[Dsendkey slas[K[D[D[D[D[D[D[D[D[D[D[D[Dsendkey slash[K
(qemu) s[K[Dse[K[D[Dsen[K[D[D[Dsend[K[D[D[D[Dsendk[K[D[D[D[D[Dsendke[K[D[D[D[D[D[Dsendkey[K[D[D[D[D[D[D[Dsendkey [K[D[D[D[D[D[D[D[Dsendkey h[K
(qemu) s[K[Dse[K[D[Dsen[K[D[D[Dsend[K[D[D[D[Dsendk[K[D[D[D[D[Dsendke[K[D[D[D[D[D[Dsendkey[K[D[D[D[D[D[D[Dsendkey [K[D[D[D[D[D[D[D[Dsendkey o[K
(qemu) s[K[Dse[K[D[Dsen[K[D[D[Dsend[K[D[D[D[Dsendk[K[D[D[D[D[Dsendke[K[D[D[D[D[D[Dsendkey[K[D[D[D[D[D[D[Dsendkey [K[D[D[D[D[D[D[D[Dsendkey m[K
(qemu) s[K[Dse[K[D[Dsen[K[D[D[Dsend[K[D[D[D[Dsendk[K[D[D[D[D[Dsendke[K[D[D[D[D[D[Dsendkey[K[D[D[D[D[D[D[Dsendkey [K[D[D[D[D[D[D[D[Dsendkey e[K
(qemu) s[K[Dse[K[D[Dsen[K[D[D[Dsend[K[D[D[D[Dsendk[K[D[D[D[D[Dsendke[K[D[D[D[D[D[Dsendkey[K[D[D[D[D[D[D[Dsendkey [K[D[D[D[D[D[D[D[Dsendkey s[K[D[D[D[D[D[D[D[D[Dsendkey sl[K[D[D[D[D[D[D[D[D[D[Dsendkey sla[K[D[D[D[D[D[D[D[D[D[D[Dsendkey slas[K[D[D[D[D[D[D[D[D[D[D[D[Dsendkey slash[K
(qemu) s[K[Dse[K[D[Dsen[K[D[D[Dsend[K[D[D[D[Dsendk[K[D[D[D[D[Dsendke[K[D[D[D[D[D[Dsendkey[K[D[D[D[D[D[D[Dsendkey [K[D[D[D[D[D[D[D[Dsendkey f[K
(qemu) s[K[Dse[K[D[Dsen[K[D[D[Dsend[K[D[D[D[Dsendk[K[D[D[D[D[Dsendke[K[D[D[D[D[D[Dsendkey[K[D[D[D[D[D[D[Dsendkey [K[D[D[D[D[D[D[D[Dsendkey 2[K
(qemu) s[K[Dse[K[D[Dsen[K[D[D[Dsend[K[D[D[D[Dsendk[K[D[D[D[D[Dsendke[K[D[D[D[D[D[Dsendkey[K[D[D[D[D[D[D[Dsendkey [K[D[D[D[D[D[D[D[Dsendkey 5[K
(qemu) s[K[Dse[K[D[Dsen[K[D[D[Dsend[K[D[D[D[Dsendk[K[D[D[D[D[Dsendke[K[D[D[D[D[D[Dsendkey[K[D[D[D[D[D[D[Dsendkey [K[D[D[D[D[D[D[D[Dsendkey m[K[D[D[D[D[D[D[D[D[Dsendkey mi[K[D[D[D[D[D[D[D[D[D[Dsendkey min[K[D[D[D[D[D[D[D[D[D[D[Dsendkey minu[K[D[D[D[D[D[D[D[D[D[D[D[Dsendkey minus[K
(qemu) s[K[Dse[K[D[Dsen[K[D[D[Dsend[K[D[D[D[Dsendk[K[D[D[D[D[Dsendke[K[D[D[D[D[D[Dsendkey[K[D[D[D[D[D[D[Dsendkey [K[D[D[D[D[D[D[D[Dsendkey f[K
(qemu) s[K[Dse[K[D[Dsen[K[D[D[Dsend[K[D[D[D[Dsendk[K[D[D[D[D[Dsendke[K[D[D[D[D[D[Dsendkey[K[D[D[D[D[D[D[Dsendkey [K[D[D[D[D[D[D[D[Dsendkey o[K
(qemu) s[K[Dse[K[D[Dsen[K[D[D[Dsend[K[D[D[D[Dsendk[K[D[D[D[D[Dsendke[K[D[D[D[D[D[Dsendkey[K[D[D[D[D[D[D[Dsendkey [K[D[D[D[D[D[D[D[Dsendkey n[K
(qemu) s[K[Dse[K[D[Dsen[K[D[D[Dsend[K[D[D[D[Dsendk[K[D[D[D[D[Dsendke[K[D[D[D[D[D[Dsendkey[K[D[D[D[D[D[D[Dsendkey [K[D[D[D[D[D[D[D[Dsendkey t[K
(qemu) s[K[Dse[K[D[Dsen[K[D[D[Dsend[K[D[D[D[Dsendk[K[D[D[D[D[Dsendke[K[D[D[D[D[D[Dsendkey[K[D[D[D[D[D[D[Dsendkey [K[D[D[D[D[D[D[D[Dsendkey s[K
(qemu) s[K[Dse[K[D[Dsen[K[D[D[Dsend[K[D[D[D[Dsendk[K[D[D[D[D[Dsendke[K[D[D[D[D[D[Dsendkey[K[D[D[D[D[D[D[Dsendkey [K[D[D[D[D[D[D[D[Dsendkey e[K
(qemu) s[K[Dse[K[D[Dsen[K[D[D[Dsend[K[D[D[D[Dsendk[K[D[D[D[D[Dsendke[K[D[D[D[D[D[Dsendkey[K[D[D[D[D[D[D[Dsendkey [K[D[D[D[D[D[D[D[Dsendkey t[K
(qemu) s[K[Dse[K[D[Dsen[K[D[D[Dsend[K[D[D[D[Dsendk[K[D[D[D[D[Dsendke[K[D[D[D[D[D[Dsendkey[K[D[D[D[D[D[D[Dsendkey [K[D[D[D[D[D[D[D[Dsendkey d[K[D[D[D[D[D[D[D[D[Dsendkey do[K[D[D[D[D[D[D[D[D[D[Dsendkey dot[K
(qemu) s[K[Dse[K[D[Dsen[K[D[D[Dsend[K[D[D[D[Dsendk[K[D[D[D[D[Dsendke[K[D[D[D[D[D[Dsendkey[K[D[D[D[D[D[D[Dsendkey [K[D[D[D[D[D[D[D[Dsendkey l[K
(qemu) s[K[Dse[K[D[Dsen[K[D[D[Dsend[K[D[D[D[Dsendk[K[D[D[D[D[Dsendke[K[D[D[D[D[D[Dsendkey[K[D[D[D[D[D[D[Dsendkey [K[D[D[D[D[D[D[D[Dsendkey o[K
(qemu) s[K[Dse[K[D[Dsen[K[D[D[Dsend[K[D[D[D[Dsendk[K[D[D[D[D[Dsendke[K[D[D[D[D[D[Dsendkey[K[D[D[D[D[D[D[Dsendkey [K[D[D[D[D[D[D[D[Dsendkey g[K
(qemu) s[K[Dse[K[D[Dsen[K[D[D[Dsend[K[D[D[D[Dsendk[K[D[D[D[D[Dsendke[K[D[D[D[D[D[Dsendkey[K[D[D[D[D[D[D[Dsendkey [K[D[D[D[D[D[D[D[Dsendkey r[K[D[D[D[D[D[D[D[D[Dsendkey re[K[D[D[D[D[D[D[D[D[D[Dsendkey ret[K
(qemu) s[K[Dsc[K[D[Dscr[K[D[D[Dscre[K[D[D[D[Dscree[K[D[D[D[D[Dscreen[K[D[D[D[D[D[Dscreend[K[D[D[D[D[D[D[Dscreendu[K[D[D[D[D[D[D[D[Dscreendum[K[D[D[D[D[D[D[D[D[Dscreendump[K[D[D[D[D[D[D[D[D[D[Dscreendump [K[D[D[D[D[D[D[D[D[D[D[Dscreendump /[K[D[D[D[D[D[D[D[D[D[D[D[Dscreendump /t[K[D[D[D[D[D[D[D[D[D[D[D[D[Dscreendump /tm[K[D[D[D[D[D[D[D[D[D[D[D[D[D[Dscreendump /tmp[K[D[D[D[D[D[D[D[D[D[D[D[D[D[D[Dscreendump /tmp/[K[D[D[D[D[D[D[D[D[D[D[D[D[D[D[D[Dscreendump /tmp/o[K[D[D[D[D[D[D[D[D[D[D[D[D[D[D[D[D[Dscreendump /tmp/os[K[D[D[D[D[D[D[D[D[D[D[D[D[D[D[D[D[D[Dscreendump /tmp/os6[K[D[D[D[D[D[D[D[D[D[D[D[D[D[D[D[D[D[D[Dscreendump /tmp/os64[K[D[D[D[D[D[D[D[D[D[D[D[D[D[D[D[D[D[D[D[Dscreendump /tmp/os64-[K[D[D[D[D[D[D[D[D[D[D[D[D[D[D[D[D[D[D[D[D[Dscreendump /tmp/os64-f[K[D[D[D[D[D[D[D[D[D[D[D[D[D[D[D[D[D[D[D[D[D[Dscreendump /tmp/os64-f2[K[D[D[D[D[D[D[D[D[D[D[D[D[D[D[D[D[D[D[D[D[D[D[Dscreendump /tmp/os64-f25[K[D[D[D[D[D[D[D[D[D[D[D[D[D[D[D[D[D[D[D[D[D[D[D[Dscreendump /tmp/os64-f25-[K[D[D[D[D[D[D[D[D[D[D[D[D[D[D[D[D[D[D[D[D[D[D[D[D[Dscreendump /tmp/os64-f25-g[K[D[D[D[D[D[D[D[D[D[D[D[D[D[D[D[D[D[D[D[D[D[D[D[D[D[Dscreendump /tmp/os64-f25-gu[K[D[D[D[D[D[D[D[D[D[D[D[D[D[D[D[D[D[D[D[D[D[D[D[D[D[D[Dscreendump /tmp/os64-f25-gue[K[D[D[D[D[D[D[D[D[D[D[D[D[D[D[D[D[D[D[D[D[D[D[D[D[D[D[D[Dscreendump /tmp/os64-f25-gues[K[D[D[D[D[D[D[D[D[D[D[D[D[D[D[D[D[D[D[D[D[D[D[D[D[D[D[D[D[Dscreendump /tmp/os64-f25-guest[K[D[D[D[D[D[D[D[D[D[D[D[D[D[D[D[D[D[D[D[D[D[D[D[D[D[D[D[D[D[Dscreendump /tmp/os64-f25-guest/[K[D[D[D[D[D[D[D[D[D[D[D[D[D[D[D[D[D[D[D[D[D[D[D[D[D[D[D[D[D[D[Dscreendump /tmp/os64-f25-guest/c[K[D[D[D[D[D[D[D[D[D[D[D[D[D[D[D[D[D[D[D[D[D[D[D[D[D[D[D[D[D[D[D[Dscreendump /tmp/os64-f25-guest/ch[K[D[D[D[D[D[D[D[D[D[D[D[D[D[D[D[D[D[D[D[D[D[D[D[D[D[D[D[D[D[D[D[D[Dscreendump /tmp/os64-f25-guest/che[K[D[D[D[D[D[D[D[D[D[D[D[D[D[D[D[D[D[D[D[D[D[D[D[D[D[D[D[D[D[D[D[D[D[Dscreendump /tmp/os64-f25-guest/chec[K[D[D[D[D[D[D[D[D[D[D[D[D[D[D[D[D[D[D[D[D[D[D[D[D[D[D[D[D[D[D[D[D[D[D[Dscreendump /tmp/os64-f25-guest/check[K[D[D[D[D[D[D[D[D[D[D[D[D[D[D[D[D[D[D[D[D[D[D[D[D[D[D[D[D[D[D[D[D[D[D[D[Dscreendump /tmp/os64-f25-guest/checke[K[D[D[D[D[D[D[D[D[D[D[D[D[D[D[D[D[D[D[D[D[D[D[D[D[D[D[D[D[D[D[D[D[D[D[D[D[Dscreendump /tmp/os64-f25-guest/checked[K[D[D[D[D[D[D[D[D[D[D[D[D[D[D[D[D[D[D[D[D[D[D[D[D[D[D[D[D[D[D[D[D[D[D[D[D[D[Dscreendump /tmp/os64-f25-guest/checked-[K[D[D[D[D[D[D[D[D[D[D[D[D[D[D[D[D[D[D[D[D[D[D[D[D[D[D[D[D[D[D[D[D[D[D[D[D[D[D[Dscreendump /tmp/os64-f25-guest/checked-f[K[D[D[D[D[D[D[D[D[D[D[D[D[D[D[D[D[D[D[D[D[D[D[D[D[D[D[D[D[D[D[D[D[D[D[D[D[D[D[D[Dscreendump /tmp/os64-f25-guest/checked-fi[K[D[D[D[D[D[D[D[D[D[D[D[D[D[D[D[D[D[D[D[D[D[D[D[D[D[D[D[D[D[D[D[D[D[D[D[D[D[D[D[D[Dscreendump /tmp/os64-f25-guest/checked-fin[K[D[D[D[D[D[D[D[D[D[D[D[D[D[D[D[D[D[D[D[D[D[D[D[D[D[D[D[D[D[D[D[D[D[D[D[D[D[D[D[D[D[Dscreendump /tmp/os64-f25-guest/checked-fina[K[D[D[D[D[D[D[D[D[D[D[D[D[D[D[D[D[D[D[D[D[D[D[D[D[D[D[D[D[D[D[D[D[D[D[D[D[D[D[D[D[D[D[Dscreendump /tmp/os64-f25-guest/checked-final[K[D[D[D[D[D[D[D[D[D[D[D[D[D[D[D[D[D[D[D[D[D[D[D[D[D[D[D[D[D[D[D[D[D[D[D[D[D[D[D[D[D[D[D[Dscreendump /tmp/os64-f25-guest/checked-final/[K[D[D[D[D[D[D[D[D[D[D[D[D[D[D[D[D[D[D[D[D[D[D[D[D[D[D[D[D[D[D[D[D[D[D[D[D[D[D[D[D[D[D[D[D[Dscreendump /tmp/os64-f25-guest/checked-final/p[K[D[D[D[D[D[D[D[D[D[D[D[D[D[D[D[D[D[D[D[D[D[D[D[D[D[D[D[D[D[D[D[D[D[D[D[D[D[D[D[D[D[D[D[D[D[Dscreendump /tmp/os64-f25-guest/checked-final/pa[K[D[D[D[D[D[D[D[D[D[D[D[D[D[D[D[D[D[D[D[D[D[D[D[D[D[D[D[D[D[D[D[D[D[D[D[D[D[D[D[D[D[D[D[D[D[D[Dscreendump /tmp/os64-f25-guest/checked-final/pas[K[D[D[D[D[D[D[D[D[D[D[D[D[D[D[D[D[D[D[D[D[D[D[D[D[D[D[D[D[D[D[D[D[D[D[D[D[D[D[D[D[D[D[D[D[D[D[D[Dscreendump /tmp/os64-f25-guest/checked-final/pass[K[D[D[D[D[D[D[D[D[D[D[D[D[D[D[D[D[D[D[D[D[D[D[D[D[D[D[D[D[D[D[D[D[D[D[D[D[D[D[D[D[D[D[D[D[D[D[D[D[Dscreendump /tmp/os64-f25-guest/checked-final/pass.[K[D[D[D[D[D[D[D[D[D[D[D[D[D[D[D[D[D[D[D[D[D[D[D[D[D[D[D[D[D[D[D[D[D[D[D[D[D[D[D[D[D[D[D[D[D[D[D[D[D[Dscreendump /tmp/os64-f25-guest/checked-final/pass.p[K[D[D[D[D[D[D[D[D[D[D[D[D[D[D[D[D[D[D[D[D[D[D[D[D[D[D[D[D[D[D[D[D[D[D[D[D[D[D[D[D[D[D[D[D[D[D[D[D[D[D[Dscreendump /tmp/os64-f25-guest/checked-final/pass.pp[K[D[D[D[D[D[D[D[D[D[D[D[D[D[D[D[D[D[D[D[D[D[D[D[D[D[D[D[D[D[D[D[D[D[D[D[D[D[D[D[D[D[D[D[D[D[D[D[D[D[D[D[Dscreendump /tmp/os64-f25-guest/checked-final/pass.ppm[K
(qemu) s[K[Dse[K[D[Dsen[K[D[D[Dsend[K[D[D[D[Dsendk[K[D[D[D[D[Dsendke[K[D[D[D[D[D[Dsendkey[K[D[D[D[D[D[D[Dsendkey [K[D[D[D[D[D[D[D[Dsendkey s[K
(qemu) s[K[Dse[K[D[Dsen[K[D[D[Dsend[K[D[D[D[Dsendk[K[D[D[D[D[Dsendke[K[D[D[D[D[D[Dsendkey[K[D[D[D[D[D[D[Dsendkey [K[D[D[D[D[D[D[D[Dsendkey h[K
(qemu) s[K[Dse[K[D[Dsen[K[D[D[Dsend[K[D[D[D[Dsendk[K[D[D[D[D[Dsendke[K[D[D[D[D[D[Dsendkey[K[D[D[D[D[D[D[Dsendkey [K[D[D[D[D[D[D[D[Dsendkey u[K
(qemu) s[K[Dse[K[D[Dsen[K[D[D[Dsend[K[D[D[D[Dsendk[K[D[D[D[D[Dsendke[K[D[D[D[D[D[Dsendkey[K[D[D[D[D[D[D[Dsendkey [K[D[D[D[D[D[D[D[Dsendkey t[K
(qemu) s[K[Dse[K[D[Dsen[K[D[D[Dsend[K[D[D[D[Dsendk[K[D[D[D[D[Dsendke[K[D[D[D[D[D[Dsendkey[K[D[D[D[D[D[D[Dsendkey [K[D[D[D[D[D[D[D[Dsendkey d[K
(qemu) s[K[Dse[K[D[Dsen[K[D[D[Dsend[K[D[D[D[Dsendk[K[D[D[D[D[Dsendke[K[D[D[D[D[D[Dsendkey[K[D[D[D[D[D[D[Dsendkey [K[D[D[D[D[D[D[D[Dsendkey o[K
(qemu) s[K[Dse[K[D[Dsen[K[D[D[Dsend[K[D[D[D[Dsendk[K[D[D[D[D[Dsendke[K[D[D[D[D[D[Dsendkey[K[D[D[D[D[D[D[Dsendkey [K[D[D[D[D[D[D[D[Dsendkey w[K
(qemu) s[K[Dse[K[D[Dsen[K[D[D[Dsend[K[D[D[D[Dsendk[K[D[D[D[D[Dsendke[K[D[D[D[D[D[Dsendkey[K[D[D[D[D[D[D[Dsendkey [K[D[D[D[D[D[D[D[Dsendkey n[K
(qemu) s[K[Dse[K[D[Dsen[K[D[D[Dsend[K[D[D[D[Dsendk[K[D[D[D[D[Dsendke[K[D[D[D[D[D[Dsendkey[K[D[D[D[D[D[D[Dsendkey [K[D[D[D[D[D[D[D[Dsendkey r[K[D[D[D[D[D[D[D[D[Dsendkey re[K[D[D[D[D[D[D[D[D[D[Dsendkey ret[K
(qemu) 