0 (0x0000) AP0: Interrupts enabled
1 (0x0000) AP0: charset: CP437 map checked against zap-ext-light16.psf - 0 drifted, 39 not in the face
2 (0x0000) AP0: ***** OS64 (built 2026-09-16 23:01:45) - system booting at 09/17/2026 03:11:58 *****
2 (0x0000) AP0: FPU: x87 MMX SSE SSE2 SSE3 enabled, FXSAVE per thread (MXCSR mask 0xFFFF); no XSAVE
3 (0x0000) AP0: Commandline: ROOT=2f4fd02e-68b4-4c82-98bc-72467529b3fc BACKSTOP=10 KWORKER HUSK CRON GUI DEBUG_GUI
3 (0x0000) AP0: DEBUG_OPTIONS 0x00000000000000000000000002680103
0 (0x0000) AP0: Interrupts enabled
1 (0x0000) AP0: charset: CP437 map checked against zap-ext-light16.psf - 0 drifted, 39 not in the face
2 (0x0000) AP0: ***** OS64 (built 2026-09-16 23:01:45) - system booting at 09/17/2026 03:11:58 *****
2 (0x0000) AP0: FPU: x87 MMX SSE SSE2 SSE3 enabled, FXSAVE per thread (MXCSR mask 0xFFFF); no XSAVE
3 (0x0000) AP0: Commandline: ROOT=2f4fd02e-68b4-4c82-98bc-72467529b3fc BACKSTOP=10 KWORKER HUSK CRON GUI DEBUG_GUI
3 (0x0000) AP0: DEBUG_OPTIONS 0x00000000000000000000000002680103
15 (0x0000) AP0: log: 8 ring(s) x 16 MB, 100 ticks/sec
17 (0x0000) AP0: symbols: 2066 names loaded, 42967 bytes of strings
17 (0x0000) AP0: ACPI: Limine passed PCI base address of 0x00000000000f5290, we'll use that
17 (0x0000) AP0: ACPI: RSDP found at 0x00000000000f5290
17 (0x0000) AP0: ACPI: RSDP revision = 0x00, OEMID = BOCHS 
17 (0x0000) AP0: ACPI: Using RSDT at 0x7ffe25c0
17 (0x0000) AP0: ACPI: Root SDT signature: RSDT
17 (0x0000) AP0: ACPI: Parsing RSDT with 5 entries
17 (0x0000) AP0: ACPI: FACP table found at 0x7ffe2380
17 (0x0000) AP0: ACPI: DSDT table found at 0x7ffe0040
17 (0x0000) AP0: ACPI: Root SDT signature: RSDT
17 (0x0000) AP0: ACPI: Parsing RSDT with 5 entries
17 (0x0000) AP0: ACPI: MCFG table found at 0x7ffe255c
17 (0x0000) AP0: ACPI: Entry 0: BaseAddress=0x00000000b0000000, SegmentGroup=0, StartBus=0, EndBus=255
17 (0x0000) AP0: ACPI: *Found PCI Segment 0 Base Address: 0xb0000000, mapping 0x7800 pages so that we can scan 120 busses
18 (0x0000) AP0: ACPI: Root SDT signature: RSDT
18 (0x0000) AP0: ACPI: Parsing RSDT with 5 entries
18 (0x0000) AP0: ACPI: MADT (APIC) table found at 000000007FFE2474
18 (0x0000) AP0: ACPI: S5 ready — PM1a 0x0604 SLP_TYPa 0, PM1b 0x0000 SLP_TYPb 0
19 (0x0000) AP0: tss: allocated 24 double-fault (IST1) stacks, CPU0's at 0xffff80007f34eff0
19 (0x0000) AP0: tss: allocated 24 NMI (IST2) stacks, CPU0's at 0xffff800000099ff0
128 (0x0000) AP0: blockcache: attached QEMU DVD-ROM (512-byte sectors, 128/line)
128 (0x0000) AP0: blockcache: attached QEMU NVMe Ctrl (512-byte sectors, 128/line)
128 (0x0000) AP0: blockcache: attached QEMU NVMe Ctrl (512-byte sectors, 128/line)
128 (0x0000) AP0: blockcache: 3 device(s) attached
428 (0x0000) AP0: random: rdrand ok, rdseed ok — pool seeded by rdseed (hw words 4, retries 0, jitter samples 0)
467 (0x0000) AP0: mouse: PS/2 mouse initialized, streaming enabled
467 (0x0000) AP0: BUILT-IN TESTS: Running pre-boot tests:
467 (0x0000) AP0: 	[Test] window_minimum_clamp... OK
467 (0x0000) AP0: 	[Test] kmalloc_not_null... OK
467 (0x0000) AP0: 	[Test] fpu_state_round_trip... OK
467 (0x0000) AP0: 	Page fault occurred during test mode, returning without halt.
467 (0x0000) AP0: 	[Test] page_fault_test_mode_returns... OK
467 (0x0000) AP0: 	[Test] page_zero_unmapped... OK
467 (0x0000) AP0: 	[Test] dlist_basic_operations... OK
467 (0x0000) AP0: 	[Test] arena_create_and_destroy... OK
467 (0x0000) AP0: 	[Test] arena_basic_alloc... OK
467 (0x0000) AP0: 	[Test] arena_aligned_alloc... OK
467 (0x0000) AP0: 	[Test] arena_reset... OK
467 (0x0000) AP0: 	[Test] arena_growth... OK
467 (0x0000) AP0: 	[Test] vma_insert_and_lookup... OK
467 (0x0000) AP0: 	[Test] vma_page_fault_resolved... OK
467 (0x0000) AP0: 	[Test] vma_cow_write... OK
467 (0x0000) AP0: 	[Test] env_create_empty... OK
468 (0x0000) AP0: 	[Test] env_set_and_get... OK
468 (0x0000) AP0: 	[Test] env_update_shorter_val... OK
468 (0x0000) AP0: 	[Test] env_update_longer_val... OK
468 (0x0000) AP0: 	[Test] env_multi_key... OK
468 (0x0000) AP0: 	[Test] env_inherit_copies... OK
468 (0x0000) AP0: 	[Test] env_inherit_independence... OK
468 (0x0000) AP0: 	[Test] gmtime_negative_epoch... OK
468 (0x0000) AP0: 	[Test] time_zone_minute_offsets... OK
468 (0x0000) AP0: 	[Test] env_inherit_grown... OK
468 (0x0000) AP0: 	[Test] env_count_accurate... OK
469 (0x0000) AP0: 	[Test] env_capacity_full... OK
469 (0x0000) AP0: 	[Test] task_arena_create_and_destroy... OK
469 (0x0000) AP0: 	[Test] task_arena_alloc_and_convert... OK
469 (0x0000) AP0: 	[Test] task_arena_aligned_alloc... OK
469 (0x0000) AP0: 	[Test] task_arena_exhaustion... OK
469 (0x0000) AP0: 	test_random_pool: seeded yes by rdseed (rdseed ok, rdrand ok, hw words 4, retries 0, exhausted 0, jitter 0)
469 (0x0000) AP0: 	[Test] random_pool... OK
469 (0x0000) AP0: BUILT-IN TESTS: 31 passed, 0 failed
584 (0x0020) AP0: BOOT: If a ROOTPARTUUID (2f4fd02e-68b4-4c82-98bc-72467529b3fc) was passed in the commandline, we'll load it.
584 (0x0020) AP0: BOOT: ROOTPARTUUID passed in commandline.  Will mount '2f4fd02e-68b4-4c82-98bc-72467529b3fc' as the root partition
PAGE1 PAGE2
dyn_consumer: first=0x00000030 second=0x00000031 packed=0x00300031dyn_consu
mer: first=0x00000030 second=0x00000031 packed=0x00300031
585 (0x0020) AP0: BOOT: Root filesystem found, mounting
586 (0x0020) AP0: BOOT: Root filesystem successfully mounted
586 (0x0020) AP0: BOOT: skipping fat partition 0 on device 1 — GUID already mounted (twin)
586 (0x0020) AP0: BOOT: mounted ext2 (device 1 partition 1, GPT name "ext2") at /ext2
586 (0x0020) AP0: BOOT: mounted ext2 (device 2 partition 0, GPT name "home") at /home
586 (0x0020) AP0: BOOT: mounted /proc (synthetic — processes as files)
586 (0x0020) AP0: BOOT: mounted /sys (synthetic — the machine as files)
586 (0x0020) AP0: BOOT: mounted /dev (synthetic — the kernel's objects as files)
587 (0x0020) AP0: conf: search path /home:/etc (built-in default (/etc/os64.conf sets no conf))
587 (0x0020) AP0: bootenv: /etc/bootenv.conf: 0 set, 0 unset
587 (0x0020) AP0: BUILT-IN TESTS: Running post-boot tests:
588 (0x0020) AP0: 	[Test] vma_file_backed_page_fault_resolved... OK
588 (0x0020) AP0: 	[Test] vma_partial_page_bss_zero_filled... OK
590 (0x0020) AP0: 	PASS: test_elf_loader (demand-paged, retVal correct, exited cleanly)
590 (0x0020) AP0: 	[Test] elf_loader... OK
591 (0x0020) AP0: 	PASS: test_dynamic_linking (symbol resolution, relocation, CoW isolation, and physical sharing all correct)
591 (0x0020) AP0: 	[Test] dynamic_linking... OK
591 (0x0020) AP0: 	[Test] pty_publication_hold... OK
592 (0x0020) AP0: 	[Test] pty_resize_modes... OK
592 (0x0020) AP0: 	[Test] pty_stream_seats... OK
593 (0x0020) AP0: 	PASS: test_task_args (argc/argv/env delivered at the ABI addresses, strings copied, BSS zero-filled)
593 (0x0020) AP0: 	[Test] task_args... OK
618 (0x0020) AP0: 	PASS: test_env_growth (block grew under the fixed window, pairs survived the copies, 64KB refusals were atomic)
618 (0x0020) AP0: 	[Test] env_growth... OK
629 (0x0020) AP0: 	PASS: test_ext2_real_partition (self-provision=written+verified [bs=1024], mkfs-fixtures=3/3, root listing, bogus path)
629 (0x0020) AP0: 	[Test] ext2_real_partition... OK
629 (0x0020) AP0: 	PASS: test_mount_table (6 mounts, 1 routed content checks)
629 (0x0020) AP0: 	[Test] mount_table... OK
629 (0x0020) AP0: 	[Test] devfs... OK
630 (0x0020) AP0: 	PASS: test_net_arp_pending_order (synchronous ARP reply released parked IPv4 packet; parked=1 dropped=0)
630 (0x0020) AP0: 	[Test] net_arp_pending_order... OK
630 (0x0020) AP0: 	SKIP: test_net_wire (no NIC — QEMU: -netdev user,id=n0 -device virtio-net-pci,netdev=n0)
630 (0x0020) AP0: 	[Test] net_wire... OK
630 (0x0020) AP0: 	SKIP: test_net_arp (no NIC)
630 (0x0020) AP0: 	[Test] net_arp... OK
630 (0x0020) AP0: 	SKIP: test_net_ping (no NIC)
630 (0x0020) AP0: 	[Test] net_ping... OK
630 (0x0020) AP0: 	SKIP: test_net_echo_responder (no NIC)
630 (0x0020) AP0: 	[Test] net_echo_responder... OK
630 (0x0020) AP0: 	SKIP: test_net_dhcp (no NIC)
630 (0x0020) AP0: 	[Test] net_dhcp... OK
630 (0x0020) AP0: 	SKIP: test_net_udp_conn (no NIC)
630 (0x0020) AP0: 	[Test] net_udp_conn... OK
630 (0x0020) AP0: 	SKIP: test_net_icmp_conn (no NIC)
630 (0x0020) AP0: 	[Test] net_icmp_conn... OK
631 (0x0020) AP0: 	PASS: test_vfs_write_mkdir (create/write/read-back, mkdir, nested file — under /etc/testdata)
631 (0x0020) AP0: 	[Test] vfs_write_mkdir... OK
633 (0x0020) AP0: 	PASS: test_vfs_rename (FAT: legacy plus safe policies, move, directory move, open-source survives, 5 refusals)
633 (0x0020) AP0: 	[Test] vfs_rename... OK
633 (0x0020) AP0: 	SKIP: test_ext2_published_insert_failure (root is not writable ext2)
633 (0x0020) AP0: 	[Test] ext2_published_insert_failure... OK
633 (0x0020) AP0: 	SKIP: test_ext2_orphan (root is not ext2)
633 (0x0020) AP0: 	[Test] ext2_orphan... OK
633 (0x0020) AP0: 	SKIP: test_ext2_readonly_demotion (root is not writable ext2)
633 (0x0020) AP0: 	[Test] ext2_readonly_demotion... OK
670 (0x0020) AP0: 	PASS: test_ext2_secondary_write (exclusive-create/create/append/truncate/indirect/hole/mkdir/rm/orphan/busy-refusal)
670 (0x0020) AP0: 	[Test] ext2_secondary_write... OK
672 (0x0020) AP0: 	PASS: test_shared_object_reload (unloaded at zero; reload and closure claims need a root that can replace an open file, and this one cannot)
672 (0x0020) AP0: 	[Test] shared_object_reload... OK
673 (0x0020) AP0: 	PASS: test_mount_unmount (/ext2: busy while held, unmounted idle, remounted ro by GUID at /mu_mount with its open refusing a pen, exact identifiers, a nested mount pinning its parent, restored rw)
673 (0x0020) AP0: 	[Test] mount_unmount... OK
676 (0x0020) AP0: 	PASS: test_console_read_deadline (poll + 3-tick patience; anything caught was put back)
676 (0x0020) AP0: 	[Test] console_read_deadline... OK
677 (0x0020) AP0: 	PASS: test_block_cache (warm hits 104, warm misses 0 vs cold 3; write invalidation honest)
677 (0x0020) AP0: 	[Test] block_cache... OK
678 (0x0020) AP0: 	PASS: test_dirent_mtime (/bin/top stamped 1789600144 — the plausible present)
678 (0x0020) AP0: 	[Test] dirent_mtime... OK
689 (0x0020) AP0: 	PASS: test_backstop_preemption (9 lease expiries on APIC 1, SIGKILL landed)
689 (0x0020) AP0: 	[Test] backstop_preemption... OK
689 (0x0020) AP0: BUILT-IN TESTS: 32 passed, 0 failed
[[user] user]husk: rc:  husk: rc: /home/hu/hsk.rc
ome/husk.rc
691 (0x0034) AP4: BUILT-IN TESTS: Running late tests:
691 (0x0020) AP0: input: unified event queue active (256 slots)
692 (0x0020) AP0: gui_start: compositor task 0x00000035 submitted (affinity THREAD_NO_AFFINITY/0xffffffffffffffff)
692 (0x0035) AP4: guicomp: compositor starting on APIC 4 (thread=0x00000035, daemon=1)
692 (0x0031) AP1: [user] husk: started
692 (0x0032) AP2: [user] husk: started
693 (0x0033) AP3: [user] cron: started, 0 job(s), times are UTC
693 (0x0035) AP4: guicomp: backbuffer 1024x768 ready (3072 KB x2)
694 (0x0031) AP1: [user] husk: rc: /home/husk.rc
694 (0x0032) AP2: [user] husk: rc: /home/husk.rc
700 (0x0036) AP3: wm: created window 1 'desktop' at (0,0) 1024x768
794 (0x0035) AP4: guicomp: heartbeat, 93 frames, 4 flushes (tick 794)
894 (0x0035) AP4: guicomp: heartbeat, 190 frames, 4 flushes (tick 894)
960 (0x0031) AP1: [user] husk: task 56 (fonttest) started
984 (0x0038) AP2: wm: created window 2 'fonttest' at (90,40) 622x541
994 (0x0035) AP4: guicomp: heartbeat, 317 frames, 4 flushes (tick 994)
1094 (0x0035) AP4: guicomp: heartbeat, 416 frames, 5 flushes (tick 1094)
1194 (0x0035) AP4: guicomp: heartbeat, 514 frames, 5 flushes (tick 1194)
1195 (0x0020) AP1: os64: up 1195 ticks, GUI running (status #1)
1294 (0x0035) AP4: guicomp: heartbeat, 629 frames, 5 flushes (tick 1294)
1394 (0x0035) AP4: guicomp: heartbeat, 728 frames, 5 flushes (tick 1394)
1494 (0x0035) AP4: guicomp: heartbeat, 842 frames, 5 flushes (tick 1494)
1594 (0x0035) AP4: guicomp: heartbeat, 941 frames, 5 flushes (tick 1594)
1694 (0x0035) AP4: guicomp: heartbeat, 1057 frames, 5 flushes (tick 1694)
1695 (0x0020) AP0: os64: up 1695 ticks, GUI running (status #2)
1713 (0x0034) AP1: 	task_teardown_leak: 2 cycles — free 8363651472 -> 8363651472 (lost 0 bytes), VMA backing reclaimed 106496 bytes
1713 (0x0034) AP1: 	task_teardown_leak: window clean — 0 bytes lost, 106496 bytes of VMA backing reclaimed over 2 cycles
1713 (0x0034) AP1: 	task_teardown_leak: attempt 1 of 4 was clean — measuring again on a fresh window
1794 (0x0035) AP4: guicomp: heartbeat, 1155 frames, 5 flushes (tick 1794)
1894 (0x0035) AP4: guicomp: heartbeat, 1254 frames, 5 flushes (tick 1894)
1994 (0x0035) AP4: guicomp: heartbeat, 1353 frames, 5 flushes (tick 1994)
2094 (0x0035) AP4: guicomp: heartbeat, 1451 frames, 5 flushes (tick 2094)
2194 (0x0035) AP4: guicomp: heartbeat, 1550 frames, 5 flushes (tick 2194)
2195 (0x0020) AP1: os64: up 2195 ticks, GUI running (status #3)
2294 (0x0035) AP4: guicomp: heartbeat, 1654 frames, 5 flushes (tick 2294)
2394 (0x0035) AP4: guicomp: heartbeat, 1763 frames, 5 flushes (tick 2394)
2494 (0x0035) AP4: guicomp: heartbeat, 1862 frames, 5 flushes (tick 2494)
2594 (0x0035) AP4: guicomp: heartbeat, 1975 frames, 5 flushes (tick 2594)
2694 (0x0035) AP4: guicomp: heartbeat, 2073 frames, 5 flushes (tick 2694)
2695 (0x0020) AP1: os64: up 2695 ticks, GUI running (status #4)
2719 (0x0034) AP1: 	task_teardown_leak: 2 cycles — free 8363651472 -> 8363651472 (lost 0 bytes), VMA backing reclaimed 106496 bytes
2719 (0x0034) AP1: 	task_teardown_leak: window clean — 0 bytes lost, 106496 bytes of VMA backing reclaimed over 2 cycles
2719 (0x0034) AP1: 	PASS: test_task_teardown_leak (a task costs nothing — 2 independently measured windows agreed, with 0 unmeasurable)
2719 (0x0034) AP1: 	[Test] task_teardown_leak... OK
2720 (0x0034) AP0: 	PASS: test_doorbell_wakes_sleeper (3 rings, worst 1 tick(s), 3 wake(s) answered by a pass)
2720 (0x0034) AP0: 	[Test] doorbell_wakes_sleeper... OK
2720 (0x0034) AP0: 	SKIP: test_net_tcp_refused (no NIC)
2720 (0x0034) AP0: 	[Test] net_tcp_refused... OK
2720 (0x0034) AP0: BUILT-IN TESTS: 3 passed, 0 failed
2794 (0x0035) AP4: guicomp: heartbeat, 2189 frames, 5 flushes (tick 2794)
2894 (0x0035) AP4: guicomp: heartbeat, 2288 frames, 5 flushes (tick 2894)
2994 (0x0035) AP4: guicomp: heartbeat, 2389 frames, 5 flushes (tick 2994)
3026 (0x0031) AP2: [user] husk: task 56 (fonttest) exited code 0
3094 (0x0035) AP4: guicomp: heartbeat, 2786 frames, 6 flushes (tick 3094)
3127 (0x0031) AP1: [user] husk: task 63 (cat) started
3128 (0x0031) AP1: [user] husk: task 63 (cat) exited code 0
3194 (0x0035) AP4: guicomp: heartbeat, 2995 frames, 6 flushes (tick 3194)
3195 (0x0020) AP1: os64: up 3195 ticks, GUI running (status #5)
3233 (0x0031) AP0: [user] husk: task 64 (shutdown) started
3294 (0x0035) AP4: guicomp: heartbeat, 3094 frames, 6 flushes (tick 3294)
3394 (0x0035) AP4: guicomp: heartbeat, 3203 frames, 6 flushes (tick 3394)
3494 (0x0035) AP4: guicomp: heartbeat, 3302 frames, 6 flushes (tick 3494)
3594 (0x0035) AP4: guicomp: heartbeat, 3400 frames, 6 flushes (tick 3594)
3694 (0x0035) AP4: guicomp: heartbeat, 3499 frames, 6 flushes (tick 3694)
3695 (0x0020) AP1: os64: up 3695 ticks, GUI running (status #6)
[shutdown] descent started
3734 (0x0040) AP1: The system is going down NOW!
3734 (0x0040) AP1: [shutdown] SIGTERM -> husk (task 49)
3734 (0x0040) AP1: [shutdown] SIGTERM -> husk (task 50)
3734 (0x0040) AP1: [shutdown] SIGTERM -> cron (task 51)
3734 (0x0040) AP1: [shutdown] SIGTERM -> desktop (task 54)
3734 (0x0040) AP1:   asked 4 tasks to stop
3736 (0x0037) AP6: gui: task 0x00000036 exited owning window 'desktop' (handle 1) — destroying
3737 (0x0040) AP3:   all stopped cleanly (30 ms)
3787 (0x0040) AP3:   log daemon retired
[shutdown] descent complete, powering off
