PASS fat /lib/libfreetype.so 53b028cfa1df1eecd5225ff7148df59bfdf288e67a1d63f089442b3472f57dbf
PASS fat /tests/fonttest ea01b6e060df4a697337ac4a54969cc185c82c73ee5a918f7b6bcd25c3cb4094
PASS fat /etc/licenses/freetype.txt 61ec7bd24bb7239e93d0b41c6bd705764d909f2ac0b82d06aeae036011261b1c
PASS fat /tests/fonts/DejaVuSans.ttf 7da195a74c55bef988d0d48f9508bd5d849425c1770dba5d7bfc6ce9ed848954
PASS fat /tests/fonts/DejaVuSansMono.ttf b4a6c3e4faab8773f4ff761d56451646409f29abedd68f05d38c2df667d3c582
PASS fat /tests/fonts/SourceSans3-Regular.otf 08df266400933d3178d081a45f94a08814c3e55b4b7dd2e0ff69cb1329f13ab6
PASS fat /tests/fonts/SourceCodePro-Regular.otf 9f9664e2edf6f045c11e774f9bd0be6993971f2544a39061a5ce478b96b051f8
PASS fat /tests/fonts/LICENSE-DejaVu.txt 7a083b136e64d064794c3419751e5c7dd10d2f64c108fe5ba161eae5e5958a93
PASS fat /tests/fonts/LICENSE-SourceCodePro.txt 7c940e28a5388e9bba866cf0e408edda45fe0899ba98665b8f6ab31dc5e4b8ff
PASS fat /tests/fonts/LICENSE-SourceSans3.txt 89ad2c4f66dd29127527493e729c31e731f111cf10faf5774c3db9275ed0c22c
PASS ext2 /lib/libfreetype.so 53b028cfa1df1eecd5225ff7148df59bfdf288e67a1d63f089442b3472f57dbf
PASS ext2 /tests/fonttest ea01b6e060df4a697337ac4a54969cc185c82c73ee5a918f7b6bcd25c3cb4094
PASS ext2 /etc/licenses/freetype.txt 61ec7bd24bb7239e93d0b41c6bd705764d909f2ac0b82d06aeae036011261b1c
PASS ext2 /tests/fonts/DejaVuSans.ttf 7da195a74c55bef988d0d48f9508bd5d849425c1770dba5d7bfc6ce9ed848954
PASS ext2 /tests/fonts/DejaVuSansMono.ttf b4a6c3e4faab8773f4ff761d56451646409f29abedd68f05d38c2df667d3c582
PASS ext2 /tests/fonts/SourceSans3-Regular.otf 08df266400933d3178d081a45f94a08814c3e55b4b7dd2e0ff69cb1329f13ab6
PASS ext2 /tests/fonts/SourceCodePro-Regular.otf 9f9664e2edf6f045c11e774f9bd0be6993971f2544a39061a5ce478b96b051f8
PASS ext2 /tests/fonts/LICENSE-DejaVu.txt 7a083b136e64d064794c3419751e5c7dd10d2f64c108fe5ba161eae5e5958a93
PASS ext2 /tests/fonts/LICENSE-SourceCodePro.txt 7c940e28a5388e9bba866cf0e408edda45fe0899ba98665b8f6ab31dc5e4b8ff
PASS ext2 /tests/fonts/LICENSE-SourceSans3.txt 89ad2c4f66dd29127527493e729c31e731f111cf10faf5774c3db9275ed0c22c
