$ x86_64-elf-size userland/bin/libfreetype.so
   text	   data	    bss	    dec	    hex	filename
 413759	  13376	      0	 427135	  6847f	userland/bin/libfreetype.so

$ x86_64-elf-nm -D --defined-only userland/bin/libfreetype.so
00007f0044064c20 T os64_freetype_backend_v1

$ x86_64-elf-nm -D -u userland/bin/libfreetype.so

$ x86_64-elf-readelf -dW userland/bin/libfreetype.so

Dynamic section at offset 0x66000 contains 11 entries:
  Tag        Type                         Name/Value
 0x000000000000000e (SONAME)             Library soname: [libfreetype.so]
 0x0000000000000004 (HASH)               0x7f0044000158
 0x0000000000000005 (STRTAB)             0x7f00440001a0
 0x0000000000000006 (SYMTAB)             0x7f0044000170
 0x000000000000000a (STRSZ)              41 (bytes)
 0x000000000000000b (SYMENT)             24 (bytes)
 0x0000000000000007 (RELA)               0x7f00440001d0
 0x0000000000000008 (RELASZ)             18240 (bytes)
 0x0000000000000009 (RELAENT)            24 (bytes)
 0x000000006ffffff9 (RELACOUNT)          760
 0x0000000000000000 (NULL)               0x0

$ x86_64-elf-readelf -lW userland/bin/libfreetype.so

Elf file type is DYN (Shared object file)
Entry point 0x0
There are 5 program headers, starting at offset 64

Program Headers:
  Type           Offset   VirtAddr           PhysAddr           FileSiz  MemSiz   Flg Align
  LOAD           0x000000 0x00007f0044000000 0x00007f0044000000 0x023e18 0x023e18 R   0x1000
  LOAD           0x024000 0x00007f0044024000 0x00007f0044024000 0x04139a 0x04139a R E 0x1000
  LOAD           0x066000 0x00007f0044066000 0x00007f0044066000 0x003450 0x003450 RW  0x1000
  DYNAMIC        0x066000 0x00007f0044066000 0x00007f0044066000 0x0000f0 0x0000f0 RW  0x8
  GNU_STACK      0x000000 0x0000000000000000 0x0000000000000000 0x000000 0x000000 RW  0x10

 Section to Segment mapping:
  Segment Sections...
   00     .hash .dynsym .dynstr .rodata .eh_frame .rela.dyn 
   01     .text 
   02     .dynamic .data 
   03     .dynamic 
   04     

$ x86_64-elf-readelf -rW userland/bin/libfreetype.so

Relocation section '.rela.dyn' at offset 0x1d0 contains 760 entries:
    Offset             Info             Type               Symbol's Value  Symbol's Name + Addend
00007f0044066110  0000000000000008 R_X86_64_RELATIVE                         7f004400498c
00007f0044066128  0000000000000008 R_X86_64_RELATIVE                         7f0044066160
00007f0044066130  0000000000000008 R_X86_64_RELATIVE                         7f0044024480
00007f0044066138  0000000000000008 R_X86_64_RELATIVE                         7f00440244b0
00007f0044066140  0000000000000008 R_X86_64_RELATIVE                         7f0044026830
00007f0044066178  0000000000000008 R_X86_64_RELATIVE                         7f0044027340
00007f0044066180  0000000000000008 R_X86_64_RELATIVE                         7f0044004997
00007f0044066188  0000000000000008 R_X86_64_RELATIVE                         7f00440661a0
00007f00440661a0  0000000000000008 R_X86_64_RELATIVE                         7f0044026d50
00007f00440661a8  0000000000000008 R_X86_64_RELATIVE                         7f004402a650
00007f00440661d0  0000000000000008 R_X86_64_RELATIVE                         7f004402a230
00007f00440661d8  0000000000000008 R_X86_64_RELATIVE                         7f00440265c0
00007f00440661e0  0000000000000008 R_X86_64_RELATIVE                         7f00440289e0
00007f00440661e8  0000000000000008 R_X86_64_RELATIVE                         7f0044024040
00007f00440661f0  0000000000000008 R_X86_64_RELATIVE                         7f0044024250
00007f00440661f8  0000000000000008 R_X86_64_RELATIVE                         7f004402a860
00007f0044066200  0000000000000008 R_X86_64_RELATIVE                         7f0044006e80
00007f0044066208  0000000000000008 R_X86_64_RELATIVE                         7f0044006e60
00007f0044066210  0000000000000008 R_X86_64_RELATIVE                         7f0044006e40
00007f0044066218  0000000000000008 R_X86_64_RELATIVE                         7f0044006e20
00007f0044066220  0000000000000008 R_X86_64_RELATIVE                         7f0044006e00
00007f0044066228  0000000000000008 R_X86_64_RELATIVE                         7f0044006de0
00007f0044066230  0000000000000008 R_X86_64_RELATIVE                         7f0044006dc0
00007f0044066238  0000000000000008 R_X86_64_RELATIVE                         7f0044006da0
00007f0044066240  0000000000000008 R_X86_64_RELATIVE                         7f0044006d80
00007f0044066248  0000000000000008 R_X86_64_RELATIVE                         7f0044006d60
00007f0044066250  0000000000000008 R_X86_64_RELATIVE                         7f0044006d40
00007f0044066258  0000000000000008 R_X86_64_RELATIVE                         7f0044006d20
00007f0044066260  0000000000000008 R_X86_64_RELATIVE                         7f0044006d00
00007f0044066268  0000000000000008 R_X86_64_RELATIVE                         7f0044006ce0
00007f0044066270  0000000000000008 R_X86_64_RELATIVE                         7f0044006cc0
00007f0044066278  0000000000000008 R_X86_64_RELATIVE                         7f0044006ca0
00007f0044066280  0000000000000008 R_X86_64_RELATIVE                         7f0044006c80
00007f0044066288  0000000000000008 R_X86_64_RELATIVE                         7f0044006c60
00007f0044066290  0000000000000008 R_X86_64_RELATIVE                         7f0044006c40
00007f0044066298  0000000000000008 R_X86_64_RELATIVE                         7f0044006c20
00007f00440662a0  0000000000000008 R_X86_64_RELATIVE                         7f0044006c00
00007f00440662a8  0000000000000008 R_X86_64_RELATIVE                         7f0044006be0
00007f00440662b0  0000000000000008 R_X86_64_RELATIVE                         7f0044006bc0
00007f00440662b8  0000000000000008 R_X86_64_RELATIVE                         7f0044006ba0
00007f00440662c0  0000000000000008 R_X86_64_RELATIVE                         7f0044006b80
00007f00440662c8  0000000000000008 R_X86_64_RELATIVE                         7f0044006b60
00007f00440662d0  0000000000000008 R_X86_64_RELATIVE                         7f0044006b40
00007f00440662d8  0000000000000008 R_X86_64_RELATIVE                         7f0044006b20
00007f00440662e0  0000000000000008 R_X86_64_RELATIVE                         7f0044006b00
00007f00440662e8  0000000000000008 R_X86_64_RELATIVE                         7f0044006ae0
00007f00440662f0  0000000000000008 R_X86_64_RELATIVE                         7f0044006ac0
00007f00440662f8  0000000000000008 R_X86_64_RELATIVE                         7f0044006aa0
00007f0044066300  0000000000000008 R_X86_64_RELATIVE                         7f0044006a80
00007f0044066308  0000000000000008 R_X86_64_RELATIVE                         7f0044006a60
00007f0044066310  0000000000000008 R_X86_64_RELATIVE                         7f0044006a40
00007f0044066318  0000000000000008 R_X86_64_RELATIVE                         7f0044006a20
00007f0044066320  0000000000000008 R_X86_64_RELATIVE                         7f0044006a00
00007f0044066328  0000000000000008 R_X86_64_RELATIVE                         7f00440069e0
00007f0044066330  0000000000000008 R_X86_64_RELATIVE                         7f00440069c0
00007f0044066338  0000000000000008 R_X86_64_RELATIVE                         7f00440069a0
00007f0044066340  0000000000000008 R_X86_64_RELATIVE                         7f0044006980
00007f0044066348  0000000000000008 R_X86_64_RELATIVE                         7f0044006960
00007f0044066350  0000000000000008 R_X86_64_RELATIVE                         7f0044006940
00007f0044066358  0000000000000008 R_X86_64_RELATIVE                         7f0044006920
00007f0044066360  0000000000000008 R_X86_64_RELATIVE                         7f0044006900
00007f0044066368  0000000000000008 R_X86_64_RELATIVE                         7f00440068e0
00007f0044066370  0000000000000008 R_X86_64_RELATIVE                         7f00440068c0
00007f0044066378  0000000000000008 R_X86_64_RELATIVE                         7f00440068a0
00007f0044066380  0000000000000008 R_X86_64_RELATIVE                         7f0044006880
00007f0044066388  0000000000000008 R_X86_64_RELATIVE                         7f0044006860
00007f0044066390  0000000000000008 R_X86_64_RELATIVE                         7f0044006840
00007f0044066398  0000000000000008 R_X86_64_RELATIVE                         7f0044006820
00007f00440663a0  0000000000000008 R_X86_64_RELATIVE                         7f0044006800
00007f00440663a8  0000000000000008 R_X86_64_RELATIVE                         7f00440067e0
00007f00440663b0  0000000000000008 R_X86_64_RELATIVE                         7f00440067c0
00007f00440663b8  0000000000000008 R_X86_64_RELATIVE                         7f00440067a0
00007f00440663c0  0000000000000008 R_X86_64_RELATIVE                         7f0044006780
00007f00440663c8  0000000000000008 R_X86_64_RELATIVE                         7f0044006760
00007f00440663d0  0000000000000008 R_X86_64_RELATIVE                         7f0044006740
00007f00440663d8  0000000000000008 R_X86_64_RELATIVE                         7f0044006720
00007f00440663e0  0000000000000008 R_X86_64_RELATIVE                         7f0044006700
00007f00440663e8  0000000000000008 R_X86_64_RELATIVE                         7f00440066e0
00007f00440663f0  0000000000000008 R_X86_64_RELATIVE                         7f00440066c0
00007f00440663f8  0000000000000008 R_X86_64_RELATIVE                         7f00440066a0
00007f0044066400  0000000000000008 R_X86_64_RELATIVE                         7f0044006680
00007f0044066408  0000000000000008 R_X86_64_RELATIVE                         7f0044006660
00007f0044066410  0000000000000008 R_X86_64_RELATIVE                         7f0044006640
00007f0044066418  0000000000000008 R_X86_64_RELATIVE                         7f0044006620
00007f0044066420  0000000000000008 R_X86_64_RELATIVE                         7f0044006600
00007f0044066428  0000000000000008 R_X86_64_RELATIVE                         7f00440065e0
00007f0044066430  0000000000000008 R_X86_64_RELATIVE                         7f00440065c0
00007f0044066438  0000000000000008 R_X86_64_RELATIVE                         7f00440065a0
00007f0044066440  0000000000000008 R_X86_64_RELATIVE                         7f0044006580
00007f0044066448  0000000000000008 R_X86_64_RELATIVE                         7f0044006560
00007f0044066450  0000000000000008 R_X86_64_RELATIVE                         7f0044006540
00007f0044066458  0000000000000008 R_X86_64_RELATIVE                         7f0044006520
00007f0044066460  0000000000000008 R_X86_64_RELATIVE                         7f0044006500
00007f0044066468  0000000000000008 R_X86_64_RELATIVE                         7f00440064e0
00007f0044066470  0000000000000008 R_X86_64_RELATIVE                         7f00440064c0
00007f0044066478  0000000000000008 R_X86_64_RELATIVE                         7f00440064a0
00007f0044066480  0000000000000008 R_X86_64_RELATIVE                         7f0044006480
00007f0044066488  0000000000000008 R_X86_64_RELATIVE                         7f0044006460
00007f00440664a0  0000000000000008 R_X86_64_RELATIVE                         7f0044067420
00007f00440664a8  0000000000000008 R_X86_64_RELATIVE                         7f00440673e0
00007f00440664b0  0000000000000008 R_X86_64_RELATIVE                         7f00440673a0
00007f00440664b8  0000000000000008 R_X86_64_RELATIVE                         7f0044067360
00007f00440664c0  0000000000000008 R_X86_64_RELATIVE                         7f0044067320
00007f00440664c8  0000000000000008 R_X86_64_RELATIVE                         7f00440672e0
00007f00440664d0  0000000000000008 R_X86_64_RELATIVE                         7f00440672a0
00007f00440664d8  0000000000000008 R_X86_64_RELATIVE                         7f0044067260
00007f00440664e0  0000000000000008 R_X86_64_RELATIVE                         7f0044067220
00007f00440664e8  0000000000000008 R_X86_64_RELATIVE                         7f00440671e0
00007f00440664f0  0000000000000008 R_X86_64_RELATIVE                         7f00440671a0
00007f00440664f8  0000000000000008 R_X86_64_RELATIVE                         7f0044067160
00007f0044066500  0000000000000008 R_X86_64_RELATIVE                         7f0044067120
00007f0044066508  0000000000000008 R_X86_64_RELATIVE                         7f00440670e0
00007f0044066510  0000000000000008 R_X86_64_RELATIVE                         7f00440670a0
00007f0044066518  0000000000000008 R_X86_64_RELATIVE                         7f0044067060
00007f0044066520  0000000000000008 R_X86_64_RELATIVE                         7f0044067020
00007f0044066528  0000000000000008 R_X86_64_RELATIVE                         7f0044066fe0
00007f0044066530  0000000000000008 R_X86_64_RELATIVE                         7f0044066fa0
00007f0044066538  0000000000000008 R_X86_64_RELATIVE                         7f0044066f60
00007f0044066540  0000000000000008 R_X86_64_RELATIVE                         7f0044066f20
00007f0044066548  0000000000000008 R_X86_64_RELATIVE                         7f0044066ee0
00007f0044066550  0000000000000008 R_X86_64_RELATIVE                         7f0044066ea0
00007f0044066558  0000000000000008 R_X86_64_RELATIVE                         7f0044066e60
00007f0044066560  0000000000000008 R_X86_64_RELATIVE                         7f0044066e20
00007f0044066568  0000000000000008 R_X86_64_RELATIVE                         7f0044066de0
00007f0044066570  0000000000000008 R_X86_64_RELATIVE                         7f0044066da0
00007f0044066578  0000000000000008 R_X86_64_RELATIVE                         7f0044066d60
00007f0044066580  0000000000000008 R_X86_64_RELATIVE                         7f0044066d20
00007f0044066588  0000000000000008 R_X86_64_RELATIVE                         7f0044066ce0
00007f0044066590  0000000000000008 R_X86_64_RELATIVE                         7f0044066ca0
00007f0044066598  0000000000000008 R_X86_64_RELATIVE                         7f0044066c60
00007f00440665a0  0000000000000008 R_X86_64_RELATIVE                         7f0044066c20
00007f00440665a8  0000000000000008 R_X86_64_RELATIVE                         7f0044066be0
00007f00440665b0  0000000000000008 R_X86_64_RELATIVE                         7f0044066ba0
00007f00440665b8  0000000000000008 R_X86_64_RELATIVE                         7f0044066b60
00007f00440665c0  0000000000000008 R_X86_64_RELATIVE                         7f0044066b20
00007f00440665c8  0000000000000008 R_X86_64_RELATIVE                         7f0044066ae0
00007f00440665d0  0000000000000008 R_X86_64_RELATIVE                         7f0044066aa0
00007f00440665d8  0000000000000008 R_X86_64_RELATIVE                         7f0044066a60
00007f00440665e0  0000000000000008 R_X86_64_RELATIVE                         7f0044066a20
00007f00440665e8  0000000000000008 R_X86_64_RELATIVE                         7f00440669e0
00007f00440665f0  0000000000000008 R_X86_64_RELATIVE                         7f00440669a0
00007f00440665f8  0000000000000008 R_X86_64_RELATIVE                         7f0044066960
00007f0044066600  0000000000000008 R_X86_64_RELATIVE                         7f0044066920
00007f0044066608  0000000000000008 R_X86_64_RELATIVE                         7f00440668e0
00007f0044066610  0000000000000008 R_X86_64_RELATIVE                         7f00440668a0
00007f0044066618  0000000000000008 R_X86_64_RELATIVE                         7f0044066860
00007f0044066620  0000000000000008 R_X86_64_RELATIVE                         7f0044066820
00007f0044066628  0000000000000008 R_X86_64_RELATIVE                         7f00440667e0
00007f0044066630  0000000000000008 R_X86_64_RELATIVE                         7f00440667a0
00007f0044066638  0000000000000008 R_X86_64_RELATIVE                         7f0044066760
00007f0044066640  0000000000000008 R_X86_64_RELATIVE                         7f0044066720
00007f0044066648  0000000000000008 R_X86_64_RELATIVE                         7f00440666e0
00007f0044066650  0000000000000008 R_X86_64_RELATIVE                         7f00440666a0
00007f0044066660  0000000000000008 R_X86_64_RELATIVE                         7f0044067460
00007f0044066668  0000000000000008 R_X86_64_RELATIVE                         7f00440661c0
00007f0044066670  0000000000000008 R_X86_64_RELATIVE                         7f0044006ea0
00007f0044066678  0000000000000008 R_X86_64_RELATIVE                         7f0044006420
00007f00440666a8  0000000000000008 R_X86_64_RELATIVE                         7f0044005590
00007f00440666b0  0000000000000008 R_X86_64_RELATIVE                         7f0044005580
00007f00440666c0  0000000000000008 R_X86_64_RELATIVE                         7f00440049a2
00007f00440666e8  0000000000000008 R_X86_64_RELATIVE                         7f00440055e0
00007f00440666f0  0000000000000008 R_X86_64_RELATIVE                         7f00440055c0
00007f0044066700  0000000000000008 R_X86_64_RELATIVE                         7f00440049ae
00007f0044066728  0000000000000008 R_X86_64_RELATIVE                         7f00440055b0
00007f0044066730  0000000000000008 R_X86_64_RELATIVE                         7f00440055a0
00007f0044066740  0000000000000008 R_X86_64_RELATIVE                         7f00440049ba
00007f0044066768  0000000000000008 R_X86_64_RELATIVE                         7f0044005640
00007f0044066770  0000000000000008 R_X86_64_RELATIVE                         7f0044005600
00007f0044066780  0000000000000008 R_X86_64_RELATIVE                         7f00440049be
00007f00440667a8  0000000000000008 R_X86_64_RELATIVE                         7f0044005690
00007f00440667b0  0000000000000008 R_X86_64_RELATIVE                         7f0044005660
00007f00440667c0  0000000000000008 R_X86_64_RELATIVE                         7f00440049c6
00007f00440667e8  0000000000000008 R_X86_64_RELATIVE                         7f00440056c0
00007f00440667f0  0000000000000008 R_X86_64_RELATIVE                         7f00440056a0
00007f0044066800  0000000000000008 R_X86_64_RELATIVE                         7f00440049ce
00007f0044066828  0000000000000008 R_X86_64_RELATIVE                         7f0044005700
00007f0044066830  0000000000000008 R_X86_64_RELATIVE                         7f00440056e0
00007f0044066840  0000000000000008 R_X86_64_RELATIVE                         7f00440049d2
00007f0044066868  0000000000000008 R_X86_64_RELATIVE                         7f0044005740
00007f0044066870  0000000000000008 R_X86_64_RELATIVE                         7f0044005720
00007f0044066880  0000000000000008 R_X86_64_RELATIVE                         7f00440049d6
00007f00440668a8  0000000000000008 R_X86_64_RELATIVE                         7f0044005760
00007f00440668b0  0000000000000008 R_X86_64_RELATIVE                         7f0044005750
00007f00440668c0  0000000000000008 R_X86_64_RELATIVE                         7f00440049da
00007f00440668e8  0000000000000008 R_X86_64_RELATIVE                         7f0044005790
00007f00440668f0  0000000000000008 R_X86_64_RELATIVE                         7f0044005770
00007f0044066900  0000000000000008 R_X86_64_RELATIVE                         7f00440049df
00007f0044066928  0000000000000008 R_X86_64_RELATIVE                         7f00440057b0
00007f0044066930  0000000000000008 R_X86_64_RELATIVE                         7f00440057a0
00007f0044066940  0000000000000008 R_X86_64_RELATIVE                         7f00440049e7
00007f0044066968  0000000000000008 R_X86_64_RELATIVE                         7f00440057d0
00007f0044066970  0000000000000008 R_X86_64_RELATIVE                         7f00440057c0
00007f0044066980  0000000000000008 R_X86_64_RELATIVE                         7f00440049ec
00007f00440669a8  0000000000000008 R_X86_64_RELATIVE                         7f00440057f0
00007f00440669b0  0000000000000008 R_X86_64_RELATIVE                         7f00440057e0
00007f00440669c0  0000000000000008 R_X86_64_RELATIVE                         7f00440049f6
00007f00440669e8  0000000000000008 R_X86_64_RELATIVE                         7f0044005810
00007f00440669f0  0000000000000008 R_X86_64_RELATIVE                         7f0044005800
00007f0044066a00  0000000000000008 R_X86_64_RELATIVE                         7f0044004a00
00007f0044066a28  0000000000000008 R_X86_64_RELATIVE                         7f0044005830
00007f0044066a30  0000000000000008 R_X86_64_RELATIVE                         7f0044005820
00007f0044066a40  0000000000000008 R_X86_64_RELATIVE                         7f0044004a05
00007f0044066a68  0000000000000008 R_X86_64_RELATIVE                         7f0044005848
00007f0044066a70  0000000000000008 R_X86_64_RELATIVE                         7f0044005840
00007f0044066a80  0000000000000008 R_X86_64_RELATIVE                         7f0044004a57
00007f0044066aa8  0000000000000008 R_X86_64_RELATIVE                         7f0044005870
00007f0044066ab0  0000000000000008 R_X86_64_RELATIVE                         7f0044005850
00007f0044066ac0  0000000000000008 R_X86_64_RELATIVE                         7f0044004a09
00007f0044066ae8  0000000000000008 R_X86_64_RELATIVE                         7f0044005900
00007f0044066af0  0000000000000008 R_X86_64_RELATIVE                         7f0044005880
00007f0044066b00  0000000000000008 R_X86_64_RELATIVE                         7f0044004a0f
00007f0044066b28  0000000000000008 R_X86_64_RELATIVE                         7f0044005950
00007f0044066b30  0000000000000008 R_X86_64_RELATIVE                         7f0044005930
00007f0044066b40  0000000000000008 R_X86_64_RELATIVE                         7f0044004a1b
00007f0044066b68  0000000000000008 R_X86_64_RELATIVE                         7f0044005970
00007f0044066b70  0000000000000008 R_X86_64_RELATIVE                         7f0044005968
00007f0044066b80  0000000000000008 R_X86_64_RELATIVE                         7f0044004a23
00007f0044066ba8  0000000000000008 R_X86_64_RELATIVE                         7f00440059b0
00007f0044066bb0  0000000000000008 R_X86_64_RELATIVE                         7f0044005980
00007f0044066bc0  0000000000000008 R_X86_64_RELATIVE                         7f0044004a32
00007f0044066be8  0000000000000008 R_X86_64_RELATIVE                         7f00440059d0
00007f0044066bf0  0000000000000008 R_X86_64_RELATIVE                         7f00440059c0
00007f0044066c00  0000000000000008 R_X86_64_RELATIVE                         7f0044004a3a
00007f0044066c28  0000000000000008 R_X86_64_RELATIVE                         7f0044005a00
00007f0044066c30  0000000000000008 R_X86_64_RELATIVE                         7f00440059e8
00007f0044066c40  0000000000000008 R_X86_64_RELATIVE                         7f0044004a3e
00007f0044066c68  0000000000000008 R_X86_64_RELATIVE                         7f0044005aa0
00007f0044066c70  0000000000000008 R_X86_64_RELATIVE                         7f0044005a88
00007f0044066c80  0000000000000008 R_X86_64_RELATIVE                         7f0044004a4a
00007f0044066ca8  0000000000000008 R_X86_64_RELATIVE                         7f0044005b60
00007f0044066cb0  0000000000000008 R_X86_64_RELATIVE                         7f0044005ac0
00007f0044066cc0  0000000000000008 R_X86_64_RELATIVE                         7f0044004a52
00007f0044066ce8  0000000000000008 R_X86_64_RELATIVE                         7f0044005ca0
00007f0044066cf0  0000000000000008 R_X86_64_RELATIVE                         7f0044005c80
00007f0044066d00  0000000000000008 R_X86_64_RELATIVE                         7f0044004a58
00007f0044066d28  0000000000000008 R_X86_64_RELATIVE                         7f0044005d60
00007f0044066d30  0000000000000008 R_X86_64_RELATIVE                         7f0044005d20
00007f0044066d40  0000000000000008 R_X86_64_RELATIVE                         7f0044004a5c
00007f0044066d68  0000000000000008 R_X86_64_RELATIVE                         7f0044005cc0
00007f0044066d70  0000000000000008 R_X86_64_RELATIVE                         7f0044005cb0
00007f0044066d80  0000000000000008 R_X86_64_RELATIVE                         7f0044004a64
00007f0044066da8  0000000000000008 R_X86_64_RELATIVE                         7f0044005d10
00007f0044066db0  0000000000000008 R_X86_64_RELATIVE                         7f0044005ce0
00007f0044066dc0  0000000000000008 R_X86_64_RELATIVE                         7f0044004a6c
00007f0044066de8  0000000000000008 R_X86_64_RELATIVE                         7f0044005d80
00007f0044066df0  0000000000000008 R_X86_64_RELATIVE                         7f0044005d70
00007f0044066e00  0000000000000008 R_X86_64_RELATIVE                         7f0044004a70
00007f0044066e28  0000000000000008 R_X86_64_RELATIVE                         7f0044005dd0
00007f0044066e30  0000000000000008 R_X86_64_RELATIVE                         7f0044005da0
00007f0044066e40  0000000000000008 R_X86_64_RELATIVE                         7f0044004a78
00007f0044066e68  0000000000000008 R_X86_64_RELATIVE                         7f0044005e30
00007f0044066e70  0000000000000008 R_X86_64_RELATIVE                         7f0044005e00
00007f0044066e80  0000000000000008 R_X86_64_RELATIVE                         7f0044004a7b
00007f0044066ea8  0000000000000008 R_X86_64_RELATIVE                         7f0044005e80
00007f0044066eb0  0000000000000008 R_X86_64_RELATIVE                         7f0044005e40
00007f0044066ec0  0000000000000008 R_X86_64_RELATIVE                         7f0044004a87
00007f0044066ee8  0000000000000008 R_X86_64_RELATIVE                         7f0044005ee0
00007f0044066ef0  0000000000000008 R_X86_64_RELATIVE                         7f0044005ea0
00007f0044066f00  0000000000000008 R_X86_64_RELATIVE                         7f0044004a8f
00007f0044066f28  0000000000000008 R_X86_64_RELATIVE                         7f0044005f00
00007f0044066f30  0000000000000008 R_X86_64_RELATIVE                         7f0044005ef8
00007f0044066f40  0000000000000008 R_X86_64_RELATIVE                         7f0044004a95
00007f0044066f68  0000000000000008 R_X86_64_RELATIVE                         7f0044005f20
00007f0044066f70  0000000000000008 R_X86_64_RELATIVE                         7f0044005f10
00007f0044066f80  0000000000000008 R_X86_64_RELATIVE                         7f0044004aa4
00007f0044066fa8  0000000000000008 R_X86_64_RELATIVE                         7f0044005f40
00007f0044066fb0  0000000000000008 R_X86_64_RELATIVE                         7f0044005f38
00007f0044066fc0  0000000000000008 R_X86_64_RELATIVE                         7f0044004aac
00007f0044066fe8  0000000000000008 R_X86_64_RELATIVE                         7f0044005f60
00007f0044066ff0  0000000000000008 R_X86_64_RELATIVE                         7f0044005f58
00007f0044067000  0000000000000008 R_X86_64_RELATIVE                         7f0044004ab8
00007f0044067028  0000000000000008 R_X86_64_RELATIVE                         7f0044005fa0
00007f0044067030  0000000000000008 R_X86_64_RELATIVE                         7f0044005f80
00007f0044067040  0000000000000008 R_X86_64_RELATIVE                         7f0044004ac8
00007f0044067068  0000000000000008 R_X86_64_RELATIVE                         7f0044005fe0
00007f0044067070  0000000000000008 R_X86_64_RELATIVE                         7f0044005fd0
00007f0044067080  0000000000000008 R_X86_64_RELATIVE                         7f0044004acc
00007f00440670a8  0000000000000008 R_X86_64_RELATIVE                         7f0044006060
00007f00440670b0  0000000000000008 R_X86_64_RELATIVE                         7f0044006000
00007f00440670c0  0000000000000008 R_X86_64_RELATIVE                         7f0044004ad6
00007f00440670e8  0000000000000008 R_X86_64_RELATIVE                         7f00440060e0
00007f00440670f0  0000000000000008 R_X86_64_RELATIVE                         7f00440060a0
00007f0044067100  0000000000000008 R_X86_64_RELATIVE                         7f0044004ae2
00007f0044067128  0000000000000008 R_X86_64_RELATIVE                         7f0044006120
00007f0044067130  0000000000000008 R_X86_64_RELATIVE                         7f0044006118
00007f0044067140  0000000000000008 R_X86_64_RELATIVE                         7f0044004ae8
00007f0044067168  0000000000000008 R_X86_64_RELATIVE                         7f0044006140
00007f0044067170  0000000000000008 R_X86_64_RELATIVE                         7f0044006130
00007f0044067180  0000000000000008 R_X86_64_RELATIVE                         7f0044004af2
00007f00440671a8  0000000000000008 R_X86_64_RELATIVE                         7f0044006160
00007f00440671b0  0000000000000008 R_X86_64_RELATIVE                         7f0044006150
00007f00440671c0  0000000000000008 R_X86_64_RELATIVE                         7f0044004afa
00007f00440671e8  0000000000000008 R_X86_64_RELATIVE                         7f0044006180
00007f00440671f0  0000000000000008 R_X86_64_RELATIVE                         7f0044006178
00007f0044067200  0000000000000008 R_X86_64_RELATIVE                         7f0044004b06
00007f0044067228  0000000000000008 R_X86_64_RELATIVE                         7f00440061a0
00007f0044067230  0000000000000008 R_X86_64_RELATIVE                         7f0044006190
00007f0044067240  0000000000000008 R_X86_64_RELATIVE                         7f0044004b10
00007f0044067268  0000000000000008 R_X86_64_RELATIVE                         7f00440061e0
00007f0044067270  0000000000000008 R_X86_64_RELATIVE                         7f00440061c0
00007f0044067280  0000000000000008 R_X86_64_RELATIVE                         7f0044004b18
00007f00440672a8  0000000000000008 R_X86_64_RELATIVE                         7f0044006200
00007f00440672b0  0000000000000008 R_X86_64_RELATIVE                         7f00440061f0
00007f00440672c0  0000000000000008 R_X86_64_RELATIVE                         7f0044004b27
00007f00440672e8  0000000000000008 R_X86_64_RELATIVE                         7f0044006260
00007f00440672f0  0000000000000008 R_X86_64_RELATIVE                         7f0044006220
00007f0044067300  0000000000000008 R_X86_64_RELATIVE                         7f0044004b2f
00007f0044067328  0000000000000008 R_X86_64_RELATIVE                         7f0044006280
00007f0044067330  0000000000000008 R_X86_64_RELATIVE                         7f0044006270
00007f0044067340  0000000000000008 R_X86_64_RELATIVE                         7f0044004b37
00007f0044067368  0000000000000008 R_X86_64_RELATIVE                         7f00440062a0
00007f0044067370  0000000000000008 R_X86_64_RELATIVE                         7f0044006290
00007f0044067380  0000000000000008 R_X86_64_RELATIVE                         7f0044004b3f
00007f00440673a8  0000000000000008 R_X86_64_RELATIVE                         7f00440062c0
00007f00440673b0  0000000000000008 R_X86_64_RELATIVE                         7f00440062b0
00007f00440673c0  0000000000000008 R_X86_64_RELATIVE                         7f0044004b44
00007f00440673e8  0000000000000008 R_X86_64_RELATIVE                         7f00440063a0
00007f00440673f0  0000000000000008 R_X86_64_RELATIVE                         7f00440062e0
00007f0044067400  0000000000000008 R_X86_64_RELATIVE                         7f0044004b4a
00007f0044067428  0000000000000008 R_X86_64_RELATIVE                         7f0044006400
00007f0044067430  0000000000000008 R_X86_64_RELATIVE                         7f00440063f0
00007f0044067440  0000000000000008 R_X86_64_RELATIVE                         7f0044004b53
00007f0044067490  0000000000000008 R_X86_64_RELATIVE                         7f0044024000
00007f0044067498  0000000000000008 R_X86_64_RELATIVE                         7f0044028980
00007f00440674a0  0000000000000008 R_X86_64_RELATIVE                         7f004402cf70
00007f00440674a8  0000000000000008 R_X86_64_RELATIVE                         7f004402cfa0
00007f00440674c0  0000000000000008 R_X86_64_RELATIVE                         7f0044066100
00007f00440674c8  0000000000000008 R_X86_64_RELATIVE                         7f00440692a0
00007f00440674d0  0000000000000008 R_X86_64_RELATIVE                         7f0044067ec0
00007f00440674d8  0000000000000008 R_X86_64_RELATIVE                         7f0044068300
00007f00440674e0  0000000000000008 R_X86_64_RELATIVE                         7f0044068900
00007f00440674e8  0000000000000008 R_X86_64_RELATIVE                         7f0044068860
00007f00440674f0  0000000000000008 R_X86_64_RELATIVE                         7f0044068f20
00007f00440674f8  0000000000000008 R_X86_64_RELATIVE                         7f00440691a0
00007f00440676b0  0000000000000008 R_X86_64_RELATIVE                         7f0044039d60
00007f00440676f0  0000000000000008 R_X86_64_RELATIVE                         7f004403a1b0
00007f0044067790  0000000000000008 R_X86_64_RELATIVE                         7f004403a2c0
00007f00440677f0  0000000000000008 R_X86_64_RELATIVE                         7f004403a350
00007f0044067810  0000000000000008 R_X86_64_RELATIVE                         7f004403a3c0
00007f0044067bb0  0000000000000008 R_X86_64_RELATIVE                         7f0044039d60
00007f0044067c50  0000000000000008 R_X86_64_RELATIVE                         7f004403e9c0
00007f0044067c70  0000000000000008 R_X86_64_RELATIVE                         7f004403a2c0
00007f0044067c90  0000000000000008 R_X86_64_RELATIVE                         7f0044039d60
00007f0044067e50  0000000000000008 R_X86_64_RELATIVE                         7f004403a430
00007f0044067e70  0000000000000008 R_X86_64_RELATIVE                         7f004403b7b0
00007f0044067ed0  0000000000000008 R_X86_64_RELATIVE                         7f004400525b
00007f0044067ef0  0000000000000008 R_X86_64_RELATIVE                         7f0044037e00
00007f0044067ef8  0000000000000008 R_X86_64_RELATIVE                         7f0044037e70
00007f0044067f00  0000000000000008 R_X86_64_RELATIVE                         7f00440396a0
00007f0044067f20  0000000000000008 R_X86_64_RELATIVE                         7f004403c270
00007f0044067f28  0000000000000008 R_X86_64_RELATIVE                         7f0044039ac0
00007f0044067f30  0000000000000008 R_X86_64_RELATIVE                         7f0044039760
00007f0044067f38  0000000000000008 R_X86_64_RELATIVE                         7f0044039930
00007f0044067f40  0000000000000008 R_X86_64_RELATIVE                         7f0044037f90
00007f0044067f48  0000000000000008 R_X86_64_RELATIVE                         7f0044037de0
00007f0044067f50  0000000000000008 R_X86_64_RELATIVE                         7f004403b6d0
00007f0044067f58  0000000000000008 R_X86_64_RELATIVE                         7f0044037a90
00007f0044067f68  0000000000000008 R_X86_64_RELATIVE                         7f0044037b00
00007f0044067f70  0000000000000008 R_X86_64_RELATIVE                         7f00440399c0
00007f0044067f80  0000000000000008 R_X86_64_RELATIVE                         7f0044005181
00007f0044067f88  0000000000000008 R_X86_64_RELATIVE                         7f004400525f
00007f0044067f90  0000000000000008 R_X86_64_RELATIVE                         7f0044005263
00007f0044067f98  0000000000000008 R_X86_64_RELATIVE                         7f0044068080
00007f0044067fa0  0000000000000008 R_X86_64_RELATIVE                         7f00440051a0
00007f0044067fa8  0000000000000008 R_X86_64_RELATIVE                         7f0044068070
00007f0044067fb0  0000000000000008 R_X86_64_RELATIVE                         7f0044005195
00007f0044067fb8  0000000000000008 R_X86_64_RELATIVE                         7f00440680b0
00007f0044067fc0  0000000000000008 R_X86_64_RELATIVE                         7f00440051c0
00007f0044067fc8  0000000000000008 R_X86_64_RELATIVE                         7f0044068068
00007f0044067fd0  0000000000000008 R_X86_64_RELATIVE                         7f0044005273
00007f0044067fd8  0000000000000008 R_X86_64_RELATIVE                         7f0044068050
00007f0044067fe0  0000000000000008 R_X86_64_RELATIVE                         7f0044004997
00007f0044067fe8  0000000000000008 R_X86_64_RELATIVE                         7f0044068170
00007f0044067ff0  0000000000000008 R_X86_64_RELATIVE                         7f004400523f
00007f0044067ff8  0000000000000008 R_X86_64_RELATIVE                         7f0044068020
00007f0044068020  0000000000000008 R_X86_64_RELATIVE                         7f0044037d10
00007f0044068028  0000000000000008 R_X86_64_RELATIVE                         7f004403a840
00007f0044068030  0000000000000008 R_X86_64_RELATIVE                         7f0044037d30
00007f0044068038  0000000000000008 R_X86_64_RELATIVE                         7f00440389e0
00007f0044068040  0000000000000008 R_X86_64_RELATIVE                         7f0044038a30
00007f0044068050  0000000000000008 R_X86_64_RELATIVE                         7f00440391f0
00007f0044068058  0000000000000008 R_X86_64_RELATIVE                         7f0044037bd0
00007f0044068060  0000000000000008 R_X86_64_RELATIVE                         7f0044037c00
00007f0044068068  0000000000000008 R_X86_64_RELATIVE                         7f0044038250
00007f0044068070  0000000000000008 R_X86_64_RELATIVE                         7f00440382e0
00007f0044068080  0000000000000008 R_X86_64_RELATIVE                         7f00440392d0
00007f0044068088  0000000000000008 R_X86_64_RELATIVE                         7f00440394d0
00007f0044068090  0000000000000008 R_X86_64_RELATIVE                         7f0044037bc0
00007f00440680b0  0000000000000008 R_X86_64_RELATIVE                         7f0044039410
00007f00440680b8  0000000000000008 R_X86_64_RELATIVE                         7f0044038790
00007f00440680c8  0000000000000008 R_X86_64_RELATIVE                         7f00440379f0
00007f00440680d0  0000000000000008 R_X86_64_RELATIVE                         7f0044037e80
00007f00440680d8  0000000000000008 R_X86_64_RELATIVE                         7f0044037a50
00007f00440680e0  0000000000000008 R_X86_64_RELATIVE                         7f0044037a70
00007f0044068128  0000000000000008 R_X86_64_RELATIVE                         7f0044037960
00007f0044068130  0000000000000008 R_X86_64_RELATIVE                         7f0044037980
00007f0044068138  0000000000000008 R_X86_64_RELATIVE                         7f0044037990
00007f0044068140  0000000000000008 R_X86_64_RELATIVE                         7f00440379b0
00007f0044068170  0000000000000008 R_X86_64_RELATIVE                         7f00440309c0
00007f0044068178  0000000000000008 R_X86_64_RELATIVE                         7f0044030b40
00007f0044068188  0000000000000008 R_X86_64_RELATIVE                         7f004403f5e0
00007f0044068190  0000000000000008 R_X86_64_RELATIVE                         7f004403fff0
00007f0044068198  0000000000000008 R_X86_64_RELATIVE                         7f004403f620
00007f00440681a0  0000000000000008 R_X86_64_RELATIVE                         7f004403f630
00007f00440681e8  0000000000000008 R_X86_64_RELATIVE                         7f004403f4f0
00007f00440681f0  0000000000000008 R_X86_64_RELATIVE                         7f004403f530
00007f00440681f8  0000000000000008 R_X86_64_RELATIVE                         7f004403f550
00007f0044068200  0000000000000008 R_X86_64_RELATIVE                         7f004403f570
00007f0044068248  0000000000000008 R_X86_64_RELATIVE                         7f004403f4b0
00007f0044068250  0000000000000008 R_X86_64_RELATIVE                         7f004403f450
00007f0044068258  0000000000000008 R_X86_64_RELATIVE                         7f0044041c40
00007f0044068260  0000000000000008 R_X86_64_RELATIVE                         7f0044041cd0
00007f00440682a8  0000000000000008 R_X86_64_RELATIVE                         7f004403f470
00007f00440682b0  0000000000000008 R_X86_64_RELATIVE                         7f004403f450
00007f00440682b8  0000000000000008 R_X86_64_RELATIVE                         7f0044041c40
00007f00440682c0  0000000000000008 R_X86_64_RELATIVE                         7f0044041cd0
00007f0044068310  0000000000000008 R_X86_64_RELATIVE                         7f0044005239
00007f0044068328  0000000000000008 R_X86_64_RELATIVE                         7f0044068360
00007f0044068360  0000000000000008 R_X86_64_RELATIVE                         7f0044068560
00007f0044068368  0000000000000008 R_X86_64_RELATIVE                         7f00440684e0
00007f0044068370  0000000000000008 R_X86_64_RELATIVE                         7f0044068480
00007f0044068378  0000000000000008 R_X86_64_RELATIVE                         7f0044068460
00007f0044068380  0000000000000008 R_X86_64_RELATIVE                         7f0044042c10
00007f0044068388  0000000000000008 R_X86_64_RELATIVE                         7f004403f430
00007f0044068390  0000000000000008 R_X86_64_RELATIVE                         7f00440411c0
00007f0044068398  0000000000000008 R_X86_64_RELATIVE                         7f0044040ee0
00007f00440683a0  0000000000000008 R_X86_64_RELATIVE                         7f0044068420
00007f00440683a8  0000000000000008 R_X86_64_RELATIVE                         7f0044068440
00007f00440683b0  0000000000000008 R_X86_64_RELATIVE                         7f00440683c0
00007f00440683c0  0000000000000008 R_X86_64_RELATIVE                         7f0044044670
00007f00440683c8  0000000000000008 R_X86_64_RELATIVE                         7f0044041f00
00007f00440683d0  0000000000000008 R_X86_64_RELATIVE                         7f004404a410
00007f00440683e0  0000000000000008 R_X86_64_RELATIVE                         7f00440415c0
00007f00440683e8  0000000000000008 R_X86_64_RELATIVE                         7f004403f250
00007f00440683f0  0000000000000008 R_X86_64_RELATIVE                         7f0044042970
00007f00440683f8  0000000000000008 R_X86_64_RELATIVE                         7f004403f280
00007f0044068400  0000000000000008 R_X86_64_RELATIVE                         7f00440443b0
00007f0044068408  0000000000000008 R_X86_64_RELATIVE                         7f0044041400
00007f0044068410  0000000000000008 R_X86_64_RELATIVE                         7f0044044450
00007f0044068418  0000000000000008 R_X86_64_RELATIVE                         7f004403f2d0
00007f0044068420  0000000000000008 R_X86_64_RELATIVE                         7f00440682a0
00007f0044068428  0000000000000008 R_X86_64_RELATIVE                         7f0044068240
00007f0044068430  0000000000000008 R_X86_64_RELATIVE                         7f00440681e0
00007f0044068438  0000000000000008 R_X86_64_RELATIVE                         7f0044068180
00007f0044068440  0000000000000008 R_X86_64_RELATIVE                         7f0044041700
00007f0044068448  0000000000000008 R_X86_64_RELATIVE                         7f004403ffc0
00007f0044068450  0000000000000008 R_X86_64_RELATIVE                         7f0044044850
00007f0044068460  0000000000000008 R_X86_64_RELATIVE                         7f0044041d40
00007f0044068468  0000000000000008 R_X86_64_RELATIVE                         7f0044044210
00007f0044068470  0000000000000008 R_X86_64_RELATIVE                         7f0044041770
00007f0044068478  0000000000000008 R_X86_64_RELATIVE                         7f004404a410
00007f0044068480  0000000000000008 R_X86_64_RELATIVE                         7f0044041480
00007f0044068488  0000000000000008 R_X86_64_RELATIVE                         7f004403f0f0
00007f0044068490  0000000000000008 R_X86_64_RELATIVE                         7f00440429c0
00007f0044068498  0000000000000008 R_X86_64_RELATIVE                         7f00440401f0
00007f00440684a0  0000000000000008 R_X86_64_RELATIVE                         7f0044044100
00007f00440684a8  0000000000000008 R_X86_64_RELATIVE                         7f0044041360
00007f00440684b0  0000000000000008 R_X86_64_RELATIVE                         7f0044044170
00007f00440684b8  0000000000000008 R_X86_64_RELATIVE                         7f004403f120
00007f00440684c0  0000000000000008 R_X86_64_RELATIVE                         7f0044040cf0
00007f00440684c8  0000000000000008 R_X86_64_RELATIVE                         7f004403f400
00007f00440684e0  0000000000000008 R_X86_64_RELATIVE                         7f004403f000
00007f00440684e8  0000000000000008 R_X86_64_RELATIVE                         7f004403f0e0
00007f00440684f0  0000000000000008 R_X86_64_RELATIVE                         7f004403ee40
00007f00440684f8  0000000000000008 R_X86_64_RELATIVE                         7f0044042e40
00007f0044068500  0000000000000008 R_X86_64_RELATIVE                         7f004403ee50
00007f0044068508  0000000000000008 R_X86_64_RELATIVE                         7f0044040cd0
00007f0044068510  0000000000000008 R_X86_64_RELATIVE                         7f004403ee70
00007f0044068518  0000000000000008 R_X86_64_RELATIVE                         7f0044040b70
00007f0044068520  0000000000000008 R_X86_64_RELATIVE                         7f0044040b40
00007f0044068528  0000000000000008 R_X86_64_RELATIVE                         7f0044043030
00007f0044068530  0000000000000008 R_X86_64_RELATIVE                         7f0044043200
00007f0044068538  0000000000000008 R_X86_64_RELATIVE                         7f0044043340
00007f0044068540  0000000000000008 R_X86_64_RELATIVE                         7f0044043c10
00007f0044068560  0000000000000008 R_X86_64_RELATIVE                         7f00440400e0
00007f0044068568  0000000000000008 R_X86_64_RELATIVE                         7f00440400d0
00007f0044068570  0000000000000008 R_X86_64_RELATIVE                         7f0044042070
00007f0044068578  0000000000000008 R_X86_64_RELATIVE                         7f004403ff50
00007f0044068580  0000000000000008 R_X86_64_RELATIVE                         7f004400528d
00007f0044068588  0000000000000008 R_X86_64_RELATIVE                         7f0044005296
00007f0044068590  0000000000000008 R_X86_64_RELATIVE                         7f00440052a0
00007f0044068598  0000000000000008 R_X86_64_RELATIVE                         7f00440052a9
00007f00440685a0  0000000000000008 R_X86_64_RELATIVE                         7f00440052ab
00007f00440685a8  0000000000000008 R_X86_64_RELATIVE                         7f00440052ba
00007f00440685b0  0000000000000008 R_X86_64_RELATIVE                         7f00440052c9
00007f00440685b8  0000000000000008 R_X86_64_RELATIVE                         7f0044005428
00007f00440685c0  0000000000000008 R_X86_64_RELATIVE                         7f0044005427
00007f00440685c8  0000000000000008 R_X86_64_RELATIVE                         7f00440052de
00007f00440685d0  0000000000000008 R_X86_64_RELATIVE                         7f00440052e1
00007f00440685d8  0000000000000008 R_X86_64_RELATIVE                         7f00440052eb
00007f00440685e0  0000000000000008 R_X86_64_RELATIVE                         7f00440052f5
00007f00440685e8  0000000000000008 R_X86_64_RELATIVE                         7f0044005302
00007f00440685f0  0000000000000008 R_X86_64_RELATIVE                         7f004400530d
00007f00440685f8  0000000000000008 R_X86_64_RELATIVE                         7f0044005317
00007f0044068600  0000000000000008 R_X86_64_RELATIVE                         7f0044005326
00007f0044068608  0000000000000008 R_X86_64_RELATIVE                         7f004400532e
00007f0044068610  0000000000000008 R_X86_64_RELATIVE                         7f004400533d
00007f0044068618  0000000000000008 R_X86_64_RELATIVE                         7f004400534b
00007f0044068620  0000000000000008 R_X86_64_RELATIVE                         7f0044005358
00007f0044068628  0000000000000008 R_X86_64_RELATIVE                         7f0044005367
00007f0044068630  0000000000000008 R_X86_64_RELATIVE                         7f0044005373
00007f0044068638  0000000000000008 R_X86_64_RELATIVE                         7f0044005380
00007f0044068640  0000000000000008 R_X86_64_RELATIVE                         7f004400538d
00007f0044068648  0000000000000008 R_X86_64_RELATIVE                         7f0044005395
00007f0044068650  0000000000000008 R_X86_64_RELATIVE                         7f00440053a0
00007f0044068658  0000000000000008 R_X86_64_RELATIVE                         7f00440053a9
00007f0044068660  0000000000000008 R_X86_64_RELATIVE                         7f00440053b2
00007f0044068668  0000000000000008 R_X86_64_RELATIVE                         7f00440053bb
00007f0044068670  0000000000000008 R_X86_64_RELATIVE                         7f00440053c6
00007f0044068678  0000000000000008 R_X86_64_RELATIVE                         7f00440053d0
00007f0044068680  0000000000000008 R_X86_64_RELATIVE                         7f00440053dd
00007f0044068688  0000000000000008 R_X86_64_RELATIVE                         7f00440053e6
00007f0044068690  0000000000000008 R_X86_64_RELATIVE                         7f00440053f2
00007f0044068698  0000000000000008 R_X86_64_RELATIVE                         7f00440053f5
00007f00440686a0  0000000000000008 R_X86_64_RELATIVE                         7f00440053f9
00007f00440686a8  0000000000000008 R_X86_64_RELATIVE                         7f00440053fd
00007f00440686b0  0000000000000008 R_X86_64_RELATIVE                         7f0044005401
00007f00440686b8  0000000000000008 R_X86_64_RELATIVE                         7f0044005403
00007f00440686c0  0000000000000008 R_X86_64_RELATIVE                         7f0044005411
00007f00440686c8  0000000000000008 R_X86_64_RELATIVE                         7f004400541d
00007f00440686d0  0000000000000008 R_X86_64_RELATIVE                         7f004400541f
00007f00440686d8  0000000000000008 R_X86_64_RELATIVE                         7f0044005426
00007f00440686e0  0000000000000008 R_X86_64_RELATIVE                         7f004400542a
00007f00440686e8  0000000000000008 R_X86_64_RELATIVE                         7f0044005434
00007f00440686f0  0000000000000008 R_X86_64_RELATIVE                         7f0044005445
00007f00440686f8  0000000000000008 R_X86_64_RELATIVE                         7f0044005455
00007f0044068700  0000000000000008 R_X86_64_RELATIVE                         7f004400527c
00007f0044068708  0000000000000008 R_X86_64_RELATIVE                         7f0044005464
00007f0044068710  0000000000000008 R_X86_64_RELATIVE                         7f0044005472
00007f0044068718  0000000000000008 R_X86_64_RELATIVE                         7f0044005481
00007f0044068720  0000000000000008 R_X86_64_RELATIVE                         7f0044005491
00007f0044068728  0000000000000008 R_X86_64_RELATIVE                         7f00440054a1
00007f0044068730  0000000000000008 R_X86_64_RELATIVE                         7f00440054b0
00007f0044068738  0000000000000008 R_X86_64_RELATIVE                         7f00440054b6
00007f0044068740  0000000000000008 R_X86_64_RELATIVE                         7f0044005383
00007f0044068748  0000000000000008 R_X86_64_RELATIVE                         7f00440054bc
00007f0044068750  0000000000000008 R_X86_64_RELATIVE                         7f00440054ce
00007f0044068758  0000000000000008 R_X86_64_RELATIVE                         7f00440054e1
00007f0044068760  0000000000000008 R_X86_64_RELATIVE                         7f00440054e4
00007f0044068768  0000000000000008 R_X86_64_RELATIVE                         7f00440054ec
00007f0044068770  0000000000000008 R_X86_64_RELATIVE                         7f00440054b4
00007f0044068778  0000000000000008 R_X86_64_RELATIVE                         7f00440054f4
00007f0044068780  0000000000000008 R_X86_64_RELATIVE                         7f00440054f7
00007f0044068788  0000000000000008 R_X86_64_RELATIVE                         7f00440054fb
00007f0044068790  0000000000000008 R_X86_64_RELATIVE                         7f00440054ff
00007f0044068798  0000000000000008 R_X86_64_RELATIVE                         7f0044005502
00007f00440687a0  0000000000000008 R_X86_64_RELATIVE                         7f0044005506
00007f00440687a8  0000000000000008 R_X86_64_RELATIVE                         7f004400550a
00007f00440687b0  0000000000000008 R_X86_64_RELATIVE                         7f004400550d
00007f00440687b8  0000000000000008 R_X86_64_RELATIVE                         7f0044005510
00007f00440687c0  0000000000000008 R_X86_64_RELATIVE                         7f0044005517
00007f00440687c8  0000000000000008 R_X86_64_RELATIVE                         7f0044005524
00007f00440687d0  0000000000000008 R_X86_64_RELATIVE                         7f004403f000
00007f00440687d8  0000000000000008 R_X86_64_RELATIVE                         7f004403ee40
00007f00440687e0  0000000000000008 R_X86_64_RELATIVE                         7f004403ee50
00007f00440687e8  0000000000000008 R_X86_64_RELATIVE                         7f004403ee70
00007f00440687f0  0000000000000008 R_X86_64_RELATIVE                         7f0044040b40
00007f00440687f8  0000000000000008 R_X86_64_RELATIVE                         7f0044043200
00007f0044068800  0000000000000008 R_X86_64_RELATIVE                         7f00440400e0
00007f0044068808  0000000000000008 R_X86_64_RELATIVE                         7f0044042070
00007f0044068810  0000000000000008 R_X86_64_RELATIVE                         7f0044040cf0
00007f0044068818  0000000000000008 R_X86_64_RELATIVE                         7f0044041480
00007f0044068820  0000000000000008 R_X86_64_RELATIVE                         7f00440429c0
00007f0044068828  0000000000000008 R_X86_64_RELATIVE                         7f0044044100
00007f0044068830  0000000000000008 R_X86_64_RELATIVE                         7f0044044170
00007f0044068838  0000000000000008 R_X86_64_RELATIVE                         7f00440415c0
00007f0044068840  0000000000000008 R_X86_64_RELATIVE                         7f0044042970
00007f0044068848  0000000000000008 R_X86_64_RELATIVE                         7f00440443b0
00007f0044068850  0000000000000008 R_X86_64_RELATIVE                         7f0044044450
00007f0044068858  0000000000000008 R_X86_64_RELATIVE                         7f0044042bf0
00007f0044068870  0000000000000008 R_X86_64_RELATIVE                         7f0044005212
00007f0044068888  0000000000000008 R_X86_64_RELATIVE                         7f00440688b0
00007f0044068890  0000000000000008 R_X86_64_RELATIVE                         7f004404b790
00007f0044068898  0000000000000008 R_X86_64_RELATIVE                         7f004404ce50
00007f00440688b0  0000000000000008 R_X86_64_RELATIVE                         7f004404b6e0
00007f00440688b8  0000000000000008 R_X86_64_RELATIVE                         7f004404b6f0
00007f00440688c0  0000000000000008 R_X86_64_RELATIVE                         7f004404b700
00007f00440688c8  0000000000000008 R_X86_64_RELATIVE                         7f004404e620
00007f00440688d0  0000000000000008 R_X86_64_RELATIVE                         7f004404b710
00007f00440688d8  0000000000000008 R_X86_64_RELATIVE                         7f004404eb10
00007f00440688e0  0000000000000008 R_X86_64_RELATIVE                         7f004404e570
00007f00440688e8  0000000000000008 R_X86_64_RELATIVE                         7f004404b750
00007f00440688f0  0000000000000008 R_X86_64_RELATIVE                         7f004404eb80
00007f00440688f8  0000000000000008 R_X86_64_RELATIVE                         7f004404e430
00007f0044068910  0000000000000008 R_X86_64_RELATIVE                         7f004400552c
00007f0044068928  0000000000000008 R_X86_64_RELATIVE                         7f0044068980
00007f0044068940  0000000000000008 R_X86_64_RELATIVE                         7f004404f4f0
00007f0044068960  0000000000000008 R_X86_64_RELATIVE                         7f0044005220
00007f0044068968  0000000000000008 R_X86_64_RELATIVE                         7f0044068980
00007f0044068980  0000000000000008 R_X86_64_RELATIVE                         7f004404f040
00007f0044068988  0000000000000008 R_X86_64_RELATIVE                         7f004404f500
00007f0044068990  0000000000000008 R_X86_64_RELATIVE                         7f004404f330
00007f0044068998  0000000000000008 R_X86_64_RELATIVE                         7f004404f3d0
00007f00440689a0  0000000000000008 R_X86_64_RELATIVE                         7f004404f490
00007f00440689a8  0000000000000008 R_X86_64_RELATIVE                         7f004404f4c0
00007f00440689b0  0000000000000008 R_X86_64_RELATIVE                         7f0044019b60
00007f00440689b8  0000000000000008 R_X86_64_RELATIVE                         7f0044019960
00007f00440689c0  0000000000000008 R_X86_64_RELATIVE                         7f0044068ea0
00007f00440689c8  0000000000000008 R_X86_64_RELATIVE                         7f0044068e20
00007f00440689d0  0000000000000008 R_X86_64_RELATIVE                         7f0044068da0
00007f00440689d8  0000000000000008 R_X86_64_RELATIVE                         7f0044068d20
00007f00440689e0  0000000000000008 R_X86_64_RELATIVE                         7f0044068ca0
00007f00440689e8  0000000000000008 R_X86_64_RELATIVE                         7f0044068c20
00007f00440689f0  0000000000000008 R_X86_64_RELATIVE                         7f0044068ba0
00007f00440689f8  0000000000000008 R_X86_64_RELATIVE                         7f0044068b20
00007f0044068a00  0000000000000008 R_X86_64_RELATIVE                         7f0044068aa0
00007f0044068a28  0000000000000008 R_X86_64_RELATIVE                         7f0044051640
00007f0044068a30  0000000000000008 R_X86_64_RELATIVE                         7f00440520d0
00007f0044068a38  0000000000000008 R_X86_64_RELATIVE                         7f0044051680
00007f0044068a40  0000000000000008 R_X86_64_RELATIVE                         7f0044051690
00007f0044068aa8  0000000000000008 R_X86_64_RELATIVE                         7f0044051320
00007f0044068ab0  0000000000000008 R_X86_64_RELATIVE                         7f0044052090
00007f0044068ab8  0000000000000008 R_X86_64_RELATIVE                         7f0044051350
00007f0044068ac0  0000000000000008 R_X86_64_RELATIVE                         7f0044051360
00007f0044068ac8  0000000000000008 R_X86_64_RELATIVE                         7f0044051510
00007f0044068ad0  0000000000000008 R_X86_64_RELATIVE                         7f00440515b0
00007f0044068ad8  0000000000000008 R_X86_64_RELATIVE                         7f0044056a70
00007f0044068ae0  0000000000000008 R_X86_64_RELATIVE                         7f0044057180
00007f0044068ae8  0000000000000008 R_X86_64_RELATIVE                         7f0044056db0
00007f0044068af8  0000000000000008 R_X86_64_RELATIVE                         7f00440543f0
00007f0044068b00  0000000000000008 R_X86_64_RELATIVE                         7f0044051370
00007f0044068b28  0000000000000008 R_X86_64_RELATIVE                         7f0044051120
00007f0044068b38  0000000000000008 R_X86_64_RELATIVE                         7f00440512e0
00007f0044068b40  0000000000000008 R_X86_64_RELATIVE                         7f00440548e0
00007f0044068b78  0000000000000008 R_X86_64_RELATIVE                         7f0044054280
00007f0044068b80  0000000000000008 R_X86_64_RELATIVE                         7f0044051300
00007f0044068ba8  0000000000000008 R_X86_64_RELATIVE                         7f0044050ec0
00007f0044068bb8  0000000000000008 R_X86_64_RELATIVE                         7f00440510e0
00007f0044068bc0  0000000000000008 R_X86_64_RELATIVE                         7f0044054880
00007f0044068bf8  0000000000000008 R_X86_64_RELATIVE                         7f00440540d0
00007f0044068c00  0000000000000008 R_X86_64_RELATIVE                         7f0044051100
00007f0044068c28  0000000000000008 R_X86_64_RELATIVE                         7f004404fa40
00007f0044068c38  0000000000000008 R_X86_64_RELATIVE                         7f0044050e00
00007f0044068c40  0000000000000008 R_X86_64_RELATIVE                         7f0044050e30
00007f0044068c78  0000000000000008 R_X86_64_RELATIVE                         7f0044053fd0
00007f0044068c80  0000000000000008 R_X86_64_RELATIVE                         7f0044050ea0
00007f0044068ca8  0000000000000008 R_X86_64_RELATIVE                         7f004404fa40
00007f0044068cb8  0000000000000008 R_X86_64_RELATIVE                         7f0044050c60
00007f0044068cc0  0000000000000008 R_X86_64_RELATIVE                         7f0044050ce0
00007f0044068cf8  0000000000000008 R_X86_64_RELATIVE                         7f0044053cd0
00007f0044068d00  0000000000000008 R_X86_64_RELATIVE                         7f0044050de0
00007f0044068d28  0000000000000008 R_X86_64_RELATIVE                         7f004404fa40
00007f0044068d38  0000000000000008 R_X86_64_RELATIVE                         7f0044050b70
00007f0044068d40  0000000000000008 R_X86_64_RELATIVE                         7f0044050bb0
00007f0044068d78  0000000000000008 R_X86_64_RELATIVE                         7f0044053be0
00007f0044068d80  0000000000000008 R_X86_64_RELATIVE                         7f0044050c40
00007f0044068da8  0000000000000008 R_X86_64_RELATIVE                         7f004404fd40
00007f0044068db8  0000000000000008 R_X86_64_RELATIVE                         7f0044050ab0
00007f0044068dc0  0000000000000008 R_X86_64_RELATIVE                         7f0044050af0
00007f0044068df8  0000000000000008 R_X86_64_RELATIVE                         7f0044053510
00007f0044068e00  0000000000000008 R_X86_64_RELATIVE                         7f0044050b50
00007f0044068e28  0000000000000008 R_X86_64_RELATIVE                         7f004404fa40
00007f0044068e38  0000000000000008 R_X86_64_RELATIVE                         7f004404fb20
00007f0044068e40  0000000000000008 R_X86_64_RELATIVE                         7f004404fb90
00007f0044068e78  0000000000000008 R_X86_64_RELATIVE                         7f00440532a0
00007f0044068e80  0000000000000008 R_X86_64_RELATIVE                         7f004404fd20
00007f0044068ea8  0000000000000008 R_X86_64_RELATIVE                         7f004404fa40
00007f0044068eb8  0000000000000008 R_X86_64_RELATIVE                         7f004404fa50
00007f0044068ec0  0000000000000008 R_X86_64_RELATIVE                         7f004404fa70
00007f0044068ef8  0000000000000008 R_X86_64_RELATIVE                         7f00440531e0
00007f0044068f00  0000000000000008 R_X86_64_RELATIVE                         7f004404fab0
00007f0044068f30  0000000000000008 R_X86_64_RELATIVE                         7f004400521b
00007f0044068f48  0000000000000008 R_X86_64_RELATIVE                         7f0044068f80
00007f0044068f60  0000000000000008 R_X86_64_RELATIVE                         7f0044051d70
00007f0044068f80  0000000000000008 R_X86_64_RELATIVE                         7f00440565e0
00007f0044068f88  0000000000000008 R_X86_64_RELATIVE                         7f0044056110
00007f0044068f90  0000000000000008 R_X86_64_RELATIVE                         7f00440572e0
00007f0044068f98  0000000000000008 R_X86_64_RELATIVE                         7f0044052f20
00007f0044068fa0  0000000000000008 R_X86_64_RELATIVE                         7f0044051d70
00007f0044068fa8  0000000000000008 R_X86_64_RELATIVE                         7f0044056970
00007f0044068fb0  0000000000000008 R_X86_64_RELATIVE                         7f0044055120
00007f0044068fb8  0000000000000008 R_X86_64_RELATIVE                         7f0044052b40
00007f0044068fc0  0000000000000008 R_X86_64_RELATIVE                         7f00440550c0
00007f0044068fc8  0000000000000008 R_X86_64_RELATIVE                         7f0044052a50
00007f0044068fd0  0000000000000008 R_X86_64_RELATIVE                         7f0044054fc0
00007f0044068fd8  0000000000000008 R_X86_64_RELATIVE                         7f0044054f30
00007f0044068fe0  0000000000000008 R_X86_64_RELATIVE                         7f0044052650
00007f0044068fe8  0000000000000008 R_X86_64_RELATIVE                         7f0044051f80
00007f0044068ff0  0000000000000008 R_X86_64_RELATIVE                         7f0044052d20
00007f0044068ff8  0000000000000008 R_X86_64_RELATIVE                         7f0044055600
00007f0044069000  0000000000000008 R_X86_64_RELATIVE                         7f0044052bb0
00007f0044069008  0000000000000008 R_X86_64_RELATIVE                         7f0044052600
00007f0044069020  0000000000000008 R_X86_64_RELATIVE                         7f0044054f00
00007f0044069028  0000000000000008 R_X86_64_RELATIVE                         7f0044051ee0
00007f0044069030  0000000000000008 R_X86_64_RELATIVE                         7f0044051bb0
00007f0044069038  0000000000000008 R_X86_64_RELATIVE                         7f00440519f0
00007f0044069040  0000000000000008 R_X86_64_RELATIVE                         7f0044055170
00007f0044069048  0000000000000008 R_X86_64_RELATIVE                         7f0044052580
00007f00440690d0  0000000000000008 R_X86_64_RELATIVE                         7f00440523d0
00007f00440690d8  0000000000000008 R_X86_64_RELATIVE                         7f0044052110
00007f00440690e0  0000000000000008 R_X86_64_RELATIVE                         7f004404f990
00007f0044069100  0000000000000008 R_X86_64_RELATIVE                         7f00440051b5
00007f0044069108  0000000000000008 R_X86_64_RELATIVE                         7f0044069170
00007f0044069110  0000000000000008 R_X86_64_RELATIVE                         7f00440051a0
00007f0044069118  0000000000000008 R_X86_64_RELATIVE                         7f0044069158
00007f0044069120  0000000000000008 R_X86_64_RELATIVE                         7f0044005195
00007f0044069128  0000000000000008 R_X86_64_RELATIVE                         7f0044069160
00007f0044069130  0000000000000008 R_X86_64_RELATIVE                         7f00440051c0
00007f0044069138  0000000000000008 R_X86_64_RELATIVE                         7f0044069150
00007f0044069150  0000000000000008 R_X86_64_RELATIVE                         7f00440516a0
00007f0044069158  0000000000000008 R_X86_64_RELATIVE                         7f0044056650
00007f0044069160  0000000000000008 R_X86_64_RELATIVE                         7f0044056550
00007f0044069168  0000000000000008 R_X86_64_RELATIVE                         7f0044056470
00007f0044069170  0000000000000008 R_X86_64_RELATIVE                         7f0044056a60
00007f0044069178  0000000000000008 R_X86_64_RELATIVE                         7f004404f880
00007f0044069180  0000000000000008 R_X86_64_RELATIVE                         7f004404f920
00007f00440691b0  0000000000000008 R_X86_64_RELATIVE                         7f0044005534
00007f00440691d0  0000000000000008 R_X86_64_RELATIVE                         7f0044058180
00007f00440691f0  0000000000000008 R_X86_64_RELATIVE                         7f00440583b0
00007f00440691f8  0000000000000008 R_X86_64_RELATIVE                         7f0044058db0
00007f0044069200  0000000000000008 R_X86_64_RELATIVE                         7f0044058350
00007f0044069208  0000000000000008 R_X86_64_RELATIVE                         7f0044058160
00007f0044069210  0000000000000008 R_X86_64_RELATIVE                         7f0044069220
00007f0044069228  0000000000000008 R_X86_64_RELATIVE                         7f0044058310
00007f0044069230  0000000000000008 R_X86_64_RELATIVE                         7f0044058140
00007f0044069238  0000000000000008 R_X86_64_RELATIVE                         7f0044058150
00007f0044069240  0000000000000008 R_X86_64_RELATIVE                         7f0044059640
00007f0044069248  0000000000000008 R_X86_64_RELATIVE                         7f0044058300
00007f0044069260  0000000000000008 R_X86_64_RELATIVE                         7f0044059ce0
00007f0044069268  0000000000000008 R_X86_64_RELATIVE                         7f0044058110
00007f0044069270  0000000000000008 R_X86_64_RELATIVE                         7f0044059b20
00007f0044069278  0000000000000008 R_X86_64_RELATIVE                         7f0044059ae0
00007f00440692b0  0000000000000008 R_X86_64_RELATIVE                         7f00440051c9
00007f00440692d0  0000000000000008 R_X86_64_RELATIVE                         7f004405af10
00007f00440692d8  0000000000000008 R_X86_64_RELATIVE                         7f004405af20
00007f00440692e0  0000000000000008 R_X86_64_RELATIVE                         7f004405cec0
00007f0044069300  0000000000000008 R_X86_64_RELATIVE                         7f004405b540
00007f0044069308  0000000000000008 R_X86_64_RELATIVE                         7f004405cfb0
00007f0044069310  0000000000000008 R_X86_64_RELATIVE                         7f004405aef0
00007f0044069318  0000000000000008 R_X86_64_RELATIVE                         7f004405d210
00007f0044069320  0000000000000008 R_X86_64_RELATIVE                         7f004405b4c0
00007f0044069330  0000000000000008 R_X86_64_RELATIVE                         7f0044063710
00007f0044069338  0000000000000008 R_X86_64_RELATIVE                         7f0044059e00
00007f0044069348  0000000000000008 R_X86_64_RELATIVE                         7f004405da00
00007f0044069350  0000000000000008 R_X86_64_RELATIVE                         7f004405d6f0
00007f0044069360  0000000000000008 R_X86_64_RELATIVE                         7f0044005181
00007f0044069368  0000000000000008 R_X86_64_RELATIVE                         7f0044005557
00007f0044069370  0000000000000008 R_X86_64_RELATIVE                         7f00440051d2
00007f0044069378  0000000000000008 R_X86_64_RELATIVE                         7f004401c1d8
00007f0044069380  0000000000000008 R_X86_64_RELATIVE                         7f0044005560
00007f0044069388  0000000000000008 R_X86_64_RELATIVE                         7f00440693b0
00007f0044069390  0000000000000008 R_X86_64_RELATIVE                         7f0044004997
00007f0044069398  0000000000000008 R_X86_64_RELATIVE                         7f00440693c0
00007f00440693b0  0000000000000008 R_X86_64_RELATIVE                         7f004405af30
00007f00440693c0  0000000000000008 R_X86_64_RELATIVE                         7f004405cf40
00007f00440693c8  0000000000000008 R_X86_64_RELATIVE                         7f004405c950
00007f00440693d0  0000000000000008 R_X86_64_RELATIVE                         7f004405b4d0
00007f00440693d8  0000000000000008 R_X86_64_RELATIVE                         7f0044059e70
00007f00440693f0  0000000000000008 R_X86_64_RELATIVE                         7f0044064630
00007f00440693f8  0000000000000008 R_X86_64_RELATIVE                         7f0044064440
00007f0044069400  0000000000000008 R_X86_64_RELATIVE                         7f0044063920
00007f0044069408  0000000000000008 R_X86_64_RELATIVE                         7f00440647f0
00007f0044069410  0000000000000008 R_X86_64_RELATIVE                         7f00440643f0
00007f0044069418  0000000000000008 R_X86_64_RELATIVE                         7f00440639c0
00007f0044069420  0000000000000008 R_X86_64_RELATIVE                         7f0044064350
00007f0044069428  0000000000000008 R_X86_64_RELATIVE                         7f0044063a50
00007f0044069430  0000000000000008 R_X86_64_RELATIVE                         7f0044063b00
00007f0044069438  0000000000000008 R_X86_64_RELATIVE                         7f0044063960
00007f0044069440  0000000000000008 R_X86_64_RELATIVE                         7f0044064490
00007f0044069448  0000000000000008 R_X86_64_RELATIVE                         7f00440644f0

PASS: leaf library, single export, relative relocations and no RWX segment
