=================================================================
==16==ERROR: AddressSanitizer: heap-buffer-overflow on address 0x512000022adc at pc 0x7faf94efb42e bp 0x7ffdcc429450 sp 0x7ffdcc428bf8
READ of size 14 at 0x512000022adc thread T0
    #0 0x7faf94efb42d in memcpy ../../../../src/libsanitizer/sanitizer_common/sanitizer_common_interceptors_memintrinsics.inc:115
    #1 0x5f5383dd1799 in render /home/yogi/src/os64/.worktrees/freetype-backend/userland/libfreetype/port/backend.c:1044
    #2 0x5f5383dd1799 in render /home/yogi/src/os64/.worktrees/freetype-backend/userland/libfreetype/port/backend.c:927
    #3 0x5f5383da2bd1 in test_bitmap_flow_review tools/test_freetype_host.c:2068
    #4 0x5f5383da2bd1 in main tools/test_freetype_host.c:2158
    #5 0x7faf9422a1c9 in __libc_start_call_main ../sysdeps/nptl/libc_start_call_main.h:58
    #6 0x7faf9422a28a in __libc_start_main_impl ../csu/libc-start.c:360
    #7 0x5f5383da5bc4 in _start (/tmp/ft-host-u1k2pygf/test_freetype_host+0x1aebc4) (BuildId: 35ad887315456ead5669da19e54139deb22cbbec)

0x512000022adc is located 0 bytes after 284-byte region [0x5120000229c0,0x512000022adc)
allocated by thread T0 here:
    #0 0x7faf94efd9c7 in malloc ../../../../src/libsanitizer/asan/asan_malloc_linux.cpp:69
    #1 0x5f5383ea42b7 in test_alloc_fn tools/test_freetype_host.c:152
    #2 0x5f5383dce35c in engine_alloc /home/yogi/src/os64/.worktrees/freetype-backend/userland/libfreetype/port/backend.c:133
    #3 0x5f5383dd16b5 in render /home/yogi/src/os64/.worktrees/freetype-backend/userland/libfreetype/port/backend.c:1024
    #4 0x5f5383dd16b5 in render /home/yogi/src/os64/.worktrees/freetype-backend/userland/libfreetype/port/backend.c:927
    #5 0x5f5383da2b30 in test_bitmap_flow_review tools/test_freetype_host.c:2066
    #6 0x5f5383da2b30 in main tools/test_freetype_host.c:2158
    #7 0x7faf9422a1c9 in __libc_start_call_main ../sysdeps/nptl/libc_start_call_main.h:58
    #8 0x7faf9422a28a in __libc_start_main_impl ../csu/libc-start.c:360
    #9 0x5f5383da5bc4 in _start (/tmp/ft-host-u1k2pygf/test_freetype_host+0x1aebc4) (BuildId: 35ad887315456ead5669da19e54139deb22cbbec)

SUMMARY: AddressSanitizer: heap-buffer-overflow ../../../../src/libsanitizer/sanitizer_common/sanitizer_common_interceptors_memintrinsics.inc:115 in memcpy
Shadow bytes around the buggy address:
  0x512000022800: fa fa fa fa fa fa fa fa fd fd fd fd fd fd fd fd
  0x512000022880: fd fd fd fd fd fd fd fd fd fd fd fd fd fd fd fd
  0x512000022900: fd fd fd fd fd fd fd fd fd fd fd fd fa fa fa fa
  0x512000022980: fa fa fa fa fa fa fa fa 00 00 00 00 00 00 00 00
  0x512000022a00: 00 00 00 00 00 00 00 00 00 00 00 00 00 00 00 00
=>0x512000022a80: 00 00 00 00 00 00 00 00 00 00 00[04]fa fa fa fa
  0x512000022b00: fa fa fa fa fa fa fa fa 00 00 00 00 00 00 00 00
  0x512000022b80: 00 00 00 00 00 00 00 00 00 00 00 00 00 00 00 00
  0x512000022c00: 00 00 00 00 00 00 00 00 00 00 00 04 fa fa fa fa
  0x512000022c80: fa fa fa fa fa fa fa fa 00 00 00 00 00 00 00 00
  0x512000022d00: 00 00 00 00 00 00 00 00 00 00 00 00 00 00 00 00
Shadow byte legend (one shadow byte represents 8 application bytes):
  Addressable:           00
  Partially addressable: 01 02 03 04 05 06 07 
  Heap left redzone:       fa
  Freed heap region:       fd
  Stack left redzone:      f1
  Stack mid redzone:       f2
  Stack right redzone:     f3
  Stack after return:      f5
  Stack use after scope:   f8
  Global redzone:          f9
  Global init order:       f6
  Poisoned by user:        f7
  Container overflow:      fc
  Array cookie:            ac
  Intra object redzone:    bb
  ASan internal:           fe
  Left alloca redzone:     ca
  Right alloca redzone:    cb
==16==ABORTING
