0 (0x0000) AP0: Interrupts enabled
1 (0x0000) AP0: charset: CP437 map checked against zap-ext-light16.psf - 0 drifted, 39 not in the face
2 (0x0000) AP0: ***** OS64 (built 2026-09-16 23:01:45) - system booting at 09/16/2026 23:08:34 *****
2 (0x0000) AP0: FPU: x87 MMX SSE SSE2 SSE3 enabled, FXSAVE per thread (MXCSR mask 0xFFFF); no XSAVE
2 (0x0000) AP0: Commandline: ROOT=2f4fd02e-68b4-4c82-98bc-72467529b3fc BACKSTOP=10 KWORKER HUSK CRON GUI DEBUG_GUI
3 (0x0000) AP0: DEBUG_OPTIONS 0x00000000000000000000000002680103
0 (0x0000) AP0: Interrupts enabled
1 (0x0000) AP0: charset: CP437 map checked against zap-ext-light16.psf - 0 drifted, 39 not in the face
2 (0x0000) AP0: ***** OS64 (built 2026-09-16 23:01:45) - system booting at 09/16/2026 23:08:34 *****
2 (0x0000) AP0: FPU: x87 MMX SSE SSE2 SSE3 enabled, FXSAVE per thread (MXCSR mask 0xFFFF); no XSAVE
2 (0x0000) AP0: Commandline: ROOT=2f4fd02e-68b4-4c82-98bc-72467529b3fc BACKSTOP=10 KWORKER HUSK CRON GUI DEBUG_GUI
3 (0x0000) AP0: DEBUG_OPTIONS 0x00000000000000000000000002680103
15 (0x0000) AP0: log: 8 ring(s) x 16 MB, 100 ticks/sec
17 (0x0000) AP0: symbols: 2066 names loaded, 42967 bytes of strings
17 (0x0000) AP0: ACPI: Limine passed PCI base address of 0x00000000000f5280, we'll use that
17 (0x0000) AP0: ACPI: RSDP found at 0x00000000000f5280
17 (0x0000) AP0: ACPI: RSDP revision = 0x00, OEMID = BOCHS 
17 (0x0000) AP0: ACPI: Using RSDT at 0x7ffe25d1
17 (0x0000) AP0: ACPI: Root SDT signature: RSDT
17 (0x0000) AP0: ACPI: Parsing RSDT with 5 entries
17 (0x0000) AP0: ACPI: FACP table found at 0x7ffe2391
17 (0x0000) AP0: ACPI: DSDT table found at 0x7ffe0040
17 (0x0000) AP0: ACPI: Root SDT signature: RSDT
17 (0x0000) AP0: ACPI: Parsing RSDT with 5 entries
17 (0x0000) AP0: ACPI: MCFG table found at 0x7ffe256d
17 (0x0000) AP0: ACPI: Entry 0: BaseAddress=0x00000000b0000000, SegmentGroup=0, StartBus=0, EndBus=255
17 (0x0000) AP0: ACPI: *Found PCI Segment 0 Base Address: 0xb0000000, mapping 0x7800 pages so that we can scan 120 busses
18 (0x0000) AP0: ACPI: Root SDT signature: RSDT
18 (0x0000) AP0: ACPI: Parsing RSDT with 5 entries
18 (0x0000) AP0: ACPI: MADT (APIC) table found at 000000007FFE2485
19 (0x0000) AP0: ACPI: S5 ready — PM1a 0x0604 SLP_TYPa 0, PM1b 0x0000 SLP_TYPb 0
19 (0x0000) AP0: tss: allocated 24 double-fault (IST1) stacks, CPU0's at 0xffff80007f34eff0
19 (0x0000) AP0: tss: allocated 24 NMI (IST2) stacks, CPU0's at 0xffff800000099ff0
127 (0x0000) AP0: blockcache: attached QEMU DVD-ROM (512-byte sectors, 128/line)
127 (0x0000) AP0: blockcache: attached QEMU NVMe Ctrl (512-byte sectors, 128/line)
127 (0x0000) AP0: blockcache: attached QEMU NVMe Ctrl (512-byte sectors, 128/line)
127 (0x0000) AP0: blockcache: 3 device(s) attached
427 (0x0000) AP0: random: rdrand absent, rdseed absent — pool seeded by jitter (hw words 0, retries 0, jitter samples 256)
466 (0x0000) AP0: mouse: PS/2 mouse initialized, streaming enabled
466 (0x0000) AP0: BUILT-IN TESTS: Running pre-boot tests:
466 (0x0000) AP0: 	[Test] window_minimum_clamp... OK
466 (0x0000) AP0: 	[Test] kmalloc_not_null... OK
466 (0x0000) AP0: 	[Test] fpu_state_round_trip... OK
466 (0x0000) AP0: 	Page fault occurred during test mode, returning without halt.
466 (0x0000) AP0: 	[Test] page_fault_test_mode_returns... OK
466 (0x0000) AP0: 	[Test] page_zero_unmapped... OK
466 (0x0000) AP0: 	[Test] dlist_basic_operations... OK
466 (0x0000) AP0: 	[Test] arena_create_and_destroy... OK
466 (0x0000) AP0: 	[Test] arena_basic_alloc... OK
466 (0x0000) AP0: 	[Test] arena_aligned_alloc... OK
466 (0x0000) AP0: 	[Test] arena_reset... OK
466 (0x0000) AP0: 	[Test] arena_growth... OK
467 (0x0000) AP0: 	[Test] vma_insert_and_lookup... OK
467 (0x0000) AP0: 	[Test] vma_page_fault_resolved... OK
467 (0x0000) AP0: 	[Test] vma_cow_write... OK
467 (0x0000) AP0: 	[Test] env_create_empty... OK
467 (0x0000) AP0: 	[Test] env_set_and_get... OK
467 (0x0000) AP0: 	[Test] env_update_shorter_val... OK
467 (0x0000) AP0: 	[Test] env_update_longer_val... OK
467 (0x0000) AP0: 	[Test] env_multi_key... OK
467 (0x0000) AP0: 	[Test] env_inherit_copies... OK
467 (0x0000) AP0: 	[Test] env_inherit_independence... OK
467 (0x0000) AP0: 	[Test] gmtime_negative_epoch... OK
467 (0x0000) AP0: 	[Test] time_zone_minute_offsets... OK
467 (0x0000) AP0: 	[Test] env_inherit_grown... OK
467 (0x0000) AP0: 	[Test] env_count_accurate... OK
468 (0x0000) AP0: 	[Test] env_capacity_full... OK
468 (0x0000) AP0: 	[Test] task_arena_create_and_destroy... OK
468 (0x0000) AP0: 	[Test] task_arena_alloc_and_convert... OK
468 (0x0000) AP0: 	[Test] task_arena_aligned_alloc... OK
468 (0x0000) AP0: 	[Test] task_arena_exhaustion... OK
468 (0x0000) AP0: 	test_random_pool: seeded yes by jitter (rdseed absent, rdrand absent, hw words 0, retries 0, exhausted 0, jitter 256)
468 (0x0000) AP0: 	[Test] random_pool... OK
468 (0x0000) AP0: BUILT-IN TESTS: 31 passed, 0 failed
583 (0x0020) AP0: BOOT: If a ROOTPARTUUID (2f4fd02e-68b4-4c82-98bc-72467529b3fc) was passed in the commandline, we'll load it.
583 (0x0020) AP0: BOOT: ROOTPARTUUID passed in commandline.  Will mount '2f4fd02e-68b4-4c82-98bc-72467529b3fc' as the root partition
PAGE1 PAGE2
dyn_consumer: first=0x00000030 second=0x00000031 packed=0x00300031
dyn_consumer: first=0x00000030 second=0x00000031 packed=0x00300031
584 (0x0020) AP0: BOOT: Root filesystem found, mounting
585 (0x0020) AP0: BOOT: Root filesystem successfully mounted
585 (0x0020) AP0: BOOT: skipping fat partition 0 on device 1 — GUID already mounted (twin)
585 (0x0020) AP0: BOOT: mounted ext2 (device 1 partition 1, GPT name "ext2") at /ext2
585 (0x0020) AP0: BOOT: mounted ext2 (device 2 partition 0, GPT name "home") at /home
585 (0x0020) AP0: BOOT: mounted /proc (synthetic — processes as files)
585 (0x0020) AP0: BOOT: mounted /sys (synthetic — the machine as files)
585 (0x0020) AP0: BOOT: mounted /dev (synthetic — the kernel's objects as files)
586 (0x0020) AP0: conf: search path /home:/etc (built-in default (/etc/os64.conf sets no conf))
586 (0x0020) AP0: bootenv: /etc/bootenv.conf: 0 set, 0 unset
586 (0x0020) AP0: BUILT-IN TESTS: Running post-boot tests:
586 (0x0020) AP0: 	[Test] vma_file_backed_page_fault_resolved... OK
586 (0x0020) AP0: 	[Test] vma_partial_page_bss_zero_filled... OK
589 (0x0020) AP0: 	PASS: test_elf_loader (demand-paged, retVal correct, exited cleanly)
589 (0x0020) AP0: 	[Test] elf_loader... OK
590 (0x0020) AP0: 	PASS: test_dynamic_linking (symbol resolution, relocation, CoW isolation, and physical sharing all correct)
590 (0x0020) AP0: 	[Test] dynamic_linking... OK
590 (0x0020) AP0: 	[Test] pty_publication_hold... OK
591 (0x0020) AP0: 	[Test] pty_resize_modes... OK
591 (0x0020) AP0: 	[Test] pty_stream_seats... OK
592 (0x0020) AP0: 	PASS: test_task_args (argc/argv/env delivered at the ABI addresses, strings copied, BSS zero-filled)
592 (0x0020) AP0: 	[Test] task_args... OK
616 (0x0020) AP0: 	PASS: test_env_growth (block grew under the fixed window, pairs survived the copies, 64KB refusals were atomic)
616 (0x0020) AP0: 	[Test] env_growth... OK
626 (0x0020) AP0: 	PASS: test_ext2_real_partition (self-provision=written+verified [bs=1024], mkfs-fixtures=3/3, root listing, bogus path)
626 (0x0020) AP0: 	[Test] ext2_real_partition... OK
627 (0x0020) AP0: 	PASS: test_mount_table (6 mounts, 1 routed content checks)
627 (0x0020) AP0: 	[Test] mount_table... OK
627 (0x0020) AP0: 	[Test] devfs... OK
627 (0x0020) AP0: 	PASS: test_net_arp_pending_order (synchronous ARP reply released parked IPv4 packet; parked=1 dropped=0)
627 (0x0020) AP0: 	[Test] net_arp_pending_order... OK
627 (0x0020) AP0: 	SKIP: test_net_wire (no NIC — QEMU: -netdev user,id=n0 -device virtio-net-pci,netdev=n0)
627 (0x0020) AP0: 	[Test] net_wire... OK
627 (0x0020) AP0: 	SKIP: test_net_arp (no NIC)
627 (0x0020) AP0: 	[Test] net_arp... OK
627 (0x0020) AP0: 	SKIP: test_net_ping (no NIC)
627 (0x0020) AP0: 	[Test] net_ping... OK
627 (0x0020) AP0: 	SKIP: test_net_echo_responder (no NIC)
627 (0x0020) AP0: 	[Test] net_echo_responder... OK
627 (0x0020) AP0: 	SKIP: test_net_dhcp (no NIC)
627 (0x0020) AP0: 	[Test] net_dhcp... OK
627 (0x0020) AP0: 	SKIP: test_net_udp_conn (no NIC)
627 (0x0020) AP0: 	[Test] net_udp_conn... OK
627 (0x0020) AP0: 	SKIP: test_net_icmp_conn (no NIC)
627 (0x0020) AP0: 	[Test] net_icmp_conn... OK
629 (0x0020) AP0: 	PASS: test_vfs_write_mkdir (create/write/read-back, mkdir, nested file — under /etc/testdata)
629 (0x0020) AP0: 	[Test] vfs_write_mkdir... OK
630 (0x0020) AP0: 	PASS: test_vfs_rename (FAT: legacy plus safe policies, move, directory move, open-source survives, 5 refusals)
630 (0x0020) AP0: 	[Test] vfs_rename... OK
630 (0x0020) AP0: 	SKIP: test_ext2_published_insert_failure (root is not writable ext2)
630 (0x0020) AP0: 	[Test] ext2_published_insert_failure... OK
630 (0x0020) AP0: 	SKIP: test_ext2_orphan (root is not ext2)
630 (0x0020) AP0: 	[Test] ext2_orphan... OK
630 (0x0020) AP0: 	SKIP: test_ext2_readonly_demotion (root is not writable ext2)
630 (0x0020) AP0: 	[Test] ext2_readonly_demotion... OK
665 (0x0020) AP0: 	PASS: test_ext2_secondary_write (exclusive-create/create/append/truncate/indirect/hole/mkdir/rm/orphan/busy-refusal)
665 (0x0020) AP0: 	[Test] ext2_secondary_write... OK
667 (0x0020) AP0: 	PASS: test_shared_object_reload (unloaded at zero; reload and closure claims need a root that can replace an open file, and this one cannot)
667 (0x0020) AP0: 	[Test] shared_object_reload... OK
668 (0x0020) AP0: 	PASS: test_mount_unmount (/ext2: busy while held, unmounted idle, remounted ro by GUID at /mu_mount with its open refusing a pen, exact identifiers, a nested mount pinning its parent, restored rw)
668 (0x0020) AP0: 	[Test] mount_unmount... OK
671 (0x0020) AP0: 	PASS: test_console_read_deadline (poll + 3-tick patience; anything caught was put back)
671 (0x0020) AP0: 	[Test] console_read_deadline... OK
672 (0x0020) AP0: 	PASS: test_block_cache (warm hits 104, warm misses 0 vs cold 3; write invalidation honest)
672 (0x0020) AP0: 	[Test] block_cache... OK
672 (0x0020) AP0: 	PASS: test_dirent_mtime (/bin/top stamped 1789585698 — the plausible present)
672 (0x0020) AP0: 	[Test] dirent_mtime... OK
685 (0x0020) AP0: 	PASS: test_backstop_preemption (10 lease expiries on APIC 1, SIGKILL landed)
685 (0x0020) AP0: 	[Test] backstop_preemption... OK
685 (0x0020) AP0: BUILT-IN TESTS: 32 passed, 0 failed
687 (0x0034) AP6: BUILT-IN TESTS: Running late tests:
687 (0x0020) AP4: input: unified event queue active (256 slots)
687 (0x0020) AP4: gui_start: compositor task 0x00000035 submitted (affinity THREAD_NO_AFFINITY/0xffffffffffffffff)
687 (0x0035) AP6: guicomp: compositor starting on APIC 6 (thread=0x00000035, daemon=1)
688 (0x0032) AP2: [user] husk: started
688 (0x0031) AP1: [user] husk: started
[user] husk: rc: /home/husk.rc
[user] husk: rc: /home/husk.rc
689 (0x0035) AP6: guicomp: backbuffer 1024x768 ready (3072 KB x2)
691 (0x0033) AP5: [user] cron: started, 0 job(s), times are UTC
691 (0x0032) AP2: [user] husk: rc: /home/husk.rc
691 (0x0031) AP1: [user] husk: rc: /home/husk.rc
699 (0x0036) AP3: wm: created window 1 'desktop' at (0,0) 1024x768
790 (0x0035) AP6: guicomp: heartbeat, 106 frames, 3 flushes (tick 790)
890 (0x0035) AP6: guicomp: heartbeat, 205 frames, 3 flushes (tick 890)
990 (0x0035) AP6: guicomp: heartbeat, 304 frames, 3 flushes (tick 990)
1090 (0x0035) AP6: guicomp: heartbeat, 402 frames, 3 flushes (tick 1090)
1190 (0x0035) AP6: guicomp: heartbeat, 501 frames, 3 flushes (tick 1190)
1194 (0x0020) AP1: os64: up 1194 ticks, GUI running (status #1)
1290 (0x0035) AP6: guicomp: heartbeat, 600 frames, 3 flushes (tick 1290)
1390 (0x0035) AP6: guicomp: heartbeat, 714 frames, 3 flushes (tick 1390)
1490 (0x0035) AP6: guicomp: heartbeat, 812 frames, 3 flushes (tick 1490)
1590 (0x0035) AP6: guicomp: heartbeat, 926 frames, 3 flushes (tick 1590)
1690 (0x0035) AP6: guicomp: heartbeat, 1024 frames, 3 flushes (tick 1690)
1695 (0x0020) AP1: os64: up 1695 ticks, GUI running (status #2)
1718 (0x0034) AP1: 	task_teardown_leak: 2 cycles — free 8376775888 -> 8376775888 (lost 0 bytes), VMA backing reclaimed 106496 bytes
1718 (0x0034) AP1: 	task_teardown_leak: window clean — 0 bytes lost, 106496 bytes of VMA backing reclaimed over 2 cycles
1718 (0x0034) AP1: 	task_teardown_leak: attempt 1 of 4 was clean — measuring again on a fresh window
1783 (0x0031) AP0: [user] husk: task 59 (fonttest) started
1790 (0x0035) AP6: guicomp: heartbeat, 1168 frames, 3 flushes (tick 1790)
1810 (0x003b) AP3: wm: created window 2 'fonttest' at (90,40) 622x541
1890 (0x0035) AP6: guicomp: heartbeat, 1263 frames, 3 flushes (tick 1890)
1990 (0x0035) AP6: guicomp: heartbeat, 1362 frames, 3 flushes (tick 1990)
2090 (0x0035) AP6: guicomp: heartbeat, 1461 frames, 3 flushes (tick 2090)
2190 (0x0035) AP6: guicomp: heartbeat, 1560 frames, 3 flushes (tick 2190)
2195 (0x0020) AP1: os64: up 2195 ticks, GUI running (status #3)
2290 (0x0035) AP6: guicomp: heartbeat, 1659 frames, 3 flushes (tick 2290)
2390 (0x0035) AP6: guicomp: heartbeat, 1774 frames, 3 flushes (tick 2390)
2490 (0x0035) AP6: guicomp: heartbeat, 1873 frames, 3 flushes (tick 2490)
2590 (0x0035) AP6: guicomp: heartbeat, 1988 frames, 3 flushes (tick 2590)
2690 (0x0035) AP6: guicomp: heartbeat, 2086 frames, 3 flushes (tick 2690)
2696 (0x0020) AP0: os64: up 2696 ticks, GUI running (status #4)
2721 (0x0034) AP1: 	task_teardown_leak: 2 cycles — free 8363867240 -> 8363867240 (lost 0 bytes), VMA backing reclaimed 106496 bytes
2721 (0x0034) AP1: 	task_teardown_leak: window clean — 0 bytes lost, 106496 bytes of VMA backing reclaimed over 2 cycles
2721 (0x0034) AP1: 	PASS: test_task_teardown_leak (a task costs nothing — 2 independently measured windows agreed, with 0 unmeasurable)
2721 (0x0034) AP1: 	[Test] task_teardown_leak... OK
2722 (0x0034) AP0: 	PASS: test_doorbell_wakes_sleeper (3 rings, worst 1 tick(s), 3 wake(s) answered by a pass)
2722 (0x0034) AP0: 	[Test] doorbell_wakes_sleeper... OK
2722 (0x0034) AP0: 	SKIP: test_net_tcp_refused (no NIC)
2722 (0x0034) AP0: 	[Test] net_tcp_refused... OK
2722 (0x0034) AP0: BUILT-IN TESTS: 3 passed, 0 failed
2790 (0x0035) AP6: guicomp: heartbeat, 2202 frames, 3 flushes (tick 2790)
2890 (0x0035) AP6: guicomp: heartbeat, 2301 frames, 3 flushes (tick 2890)
2990 (0x0035) AP6: guicomp: heartbeat, 2403 frames, 3 flushes (tick 2990)
3090 (0x0035) AP6: guicomp: heartbeat, 2501 frames, 3 flushes (tick 3090)
3190 (0x0035) AP6: guicomp: heartbeat, 2600 frames, 3 flushes (tick 3190)
3197 (0x0020) AP1: os64: up 3196 ticks, GUI running (status #5)
3290 (0x0035) AP6: guicomp: heartbeat, 2699 frames, 4 flushes (tick 3290)
3390 (0x0035) AP6: guicomp: heartbeat, 2798 frames, 4 flushes (tick 3390)
3490 (0x0035) AP6: guicomp: heartbeat, 2896 frames, 4 flushes (tick 3490)
3590 (0x0035) AP6: guicomp: heartbeat, 2995 frames, 4 flushes (tick 3590)
3690 (0x0035) AP6: guicomp: heartbeat, 3093 frames, 4 flushes (tick 3690)
3698 (0x0020) AP1: os64: up 3698 ticks, GUI running (status #6)
3790 (0x0035) AP6: guicomp: heartbeat, 3192 frames, 4 flushes (tick 3790)
3850 (0x0031) AP2: [user] husk: task 59 (fonttest) exited code 0
3890 (0x0035) AP6: guicomp: heartbeat, 3597 frames, 5 flushes (tick 3890)
3990 (0x0035) AP6: guicomp: heartbeat, 3805 frames, 5 flushes (tick 3990)
4090 (0x0035) AP6: guicomp: heartbeat, 3904 frames, 5 flushes (tick 4090)
4190 (0x0035) AP6: guicomp: heartbeat, 4002 frames, 5 flushes (tick 4190)
4198 (0x0020) AP0: os64: up 4198 ticks, GUI running (status #7)
4290 (0x0035) AP6: guicomp: heartbeat, 4101 frames, 5 flushes (tick 4290)
4390 (0x0035) AP6: guicomp: heartbeat, 4200 frames, 5 flushes (tick 4390)
4490 (0x0035) AP6: guicomp: heartbeat, 4299 frames, 5 flushes (tick 4490)
4590 (0x0035) AP6: guicomp: heartbeat, 4398 frames, 5 flushes (tick 4590)
4690 (0x0035) AP6: guicomp: heartbeat, 4497 frames, 5 flushes (tick 4690)
4698 (0x0020) AP1: os64: up 4698 ticks, GUI running (status #8)
4790 (0x0035) AP6: guicomp: heartbeat, 4596 frames, 5 flushes (tick 4790)
4890 (0x0035) AP6: guicomp: heartbeat, 4695 frames, 5 flushes (tick 4890)
4990 (0x0035) AP6: guicomp: heartbeat, 4794 frames, 5 flushes (tick 4990)
5090 (0x0035) AP6: guicomp: heartbeat, 4892 frames, 5 flushes (tick 5090)
5190 (0x0035) AP6: guicomp: heartbeat, 4991 frames, 5 flushes (tick 5190)
5198 (0x0020) AP1: os64: up 5198 ticks, GUI running (status #9)
5290 (0x0035) AP6: guicomp: heartbeat, 5090 frames, 5 flushes (tick 5290)
